Component: ARM Compiler 5.06 update 7 (build 960) Tool: armlink [4d3601]

==============================================================================

Section Cross References

    startup_stm32f40_41xxx.o(RESET) refers to startup_stm32f40_41xxx.o(STACK) for __initial_sp
    startup_stm32f40_41xxx.o(RESET) refers to startup_stm32f40_41xxx.o(.text) for Reset_Handler
    startup_stm32f40_41xxx.o(RESET) refers to stm32f4xx_it.o(i.NMI_Handler) for NMI_Handler
    startup_stm32f40_41xxx.o(RESET) refers to stm32f4xx_it.o(i.HardFault_Handler) for HardFault_Handler
    startup_stm32f40_41xxx.o(RESET) refers to stm32f4xx_it.o(i.MemManage_Handler) for MemManage_Handler
    startup_stm32f40_41xxx.o(RESET) refers to stm32f4xx_it.o(i.BusFault_Handler) for BusFault_Handler
    startup_stm32f40_41xxx.o(RESET) refers to stm32f4xx_it.o(i.UsageFault_Handler) for UsageFault_Handler
    startup_stm32f40_41xxx.o(RESET) refers to stm32f4xx_it.o(i.SVC_Handler) for SVC_Handler
    startup_stm32f40_41xxx.o(RESET) refers to stm32f4xx_it.o(i.DebugMon_Handler) for DebugMon_Handler
    startup_stm32f40_41xxx.o(RESET) refers to stm32f4xx_it.o(i.PendSV_Handler) for PendSV_Handler
    startup_stm32f40_41xxx.o(RESET) refers to stm32f4xx_it.o(i.SysTick_Handler) for SysTick_Handler
    startup_stm32f40_41xxx.o(RESET) refers to usart.o(i.USART1_IRQHandler) for USART1_IRQHandler
    startup_stm32f40_41xxx.o(.text) refers to system_stm32f4xx.o(i.SystemInit) for SystemInit
    startup_stm32f40_41xxx.o(.text) refers to entry.o(.ARM.Collect$$$$00000000) for __main
    main.o(i.main) refers to delay.o(i.delay_init) for delay_init
    main.o(i.main) refers to bsp_lcdinit.o(i.LCD_Init) for LCD_Init
    main.o(i.main) refers to bsp_touch.o(i.TP_Init) for TP_Init
    main.o(i.main) refers to bsp_lcd.o(i.LCD_SetBackColor) for LCD_SetBackColor
    main.o(i.main) refers to bsp_lcd.o(i.LCD_SetTextColor) for LCD_SetTextColor
    main.o(i.main) refers to bsp_lcd.o(i.LCD_SetCHFont) for LCD_SetCHFont
    main.o(i.main) refers to bsp_lcd.o(i.LCD_SetFont) for LCD_SetFont
    main.o(i.main) refers to bsp_lcd.o(i.LCD_Clear) for LCD_Clear
    main.o(i.main) refers to bsp_lcd.o(i.LCD_DispString_CH) for LCD_DispString_CH
    main.o(i.main) refers to bsp_font.o(.data) for HUAWENCAIYUN40x32
    stm32f4xx_flash.o(i.FLASH_EraseAllBank1Sectors) refers to stm32f4xx_flash.o(i.FLASH_WaitForLastOperation) for FLASH_WaitForLastOperation
    stm32f4xx_flash.o(i.FLASH_EraseAllBank2Sectors) refers to stm32f4xx_flash.o(i.FLASH_WaitForLastOperation) for FLASH_WaitForLastOperation
    stm32f4xx_flash.o(i.FLASH_EraseAllSectors) refers to stm32f4xx_flash.o(i.FLASH_WaitForLastOperation) for FLASH_WaitForLastOperation
    stm32f4xx_flash.o(i.FLASH_EraseSector) refers to stm32f4xx_flash.o(i.FLASH_WaitForLastOperation) for FLASH_WaitForLastOperation
    stm32f4xx_flash.o(i.FLASH_OB_Launch) refers to stm32f4xx_flash.o(i.FLASH_WaitForLastOperation) for FLASH_WaitForLastOperation
    stm32f4xx_flash.o(i.FLASH_OB_PCROP1Config) refers to stm32f4xx_flash.o(i.FLASH_WaitForLastOperation) for FLASH_WaitForLastOperation
    stm32f4xx_flash.o(i.FLASH_OB_PCROPConfig) refers to stm32f4xx_flash.o(i.FLASH_WaitForLastOperation) for FLASH_WaitForLastOperation
    stm32f4xx_flash.o(i.FLASH_OB_RDPConfig) refers to stm32f4xx_flash.o(i.FLASH_WaitForLastOperation) for FLASH_WaitForLastOperation
    stm32f4xx_flash.o(i.FLASH_OB_UserConfig) refers to stm32f4xx_flash.o(i.FLASH_WaitForLastOperation) for FLASH_WaitForLastOperation
    stm32f4xx_flash.o(i.FLASH_OB_WRP1Config) refers to stm32f4xx_flash.o(i.FLASH_WaitForLastOperation) for FLASH_WaitForLastOperation
    stm32f4xx_flash.o(i.FLASH_OB_WRPConfig) refers to stm32f4xx_flash.o(i.FLASH_WaitForLastOperation) for FLASH_WaitForLastOperation
    stm32f4xx_flash.o(i.FLASH_ProgramByte) refers to stm32f4xx_flash.o(i.FLASH_WaitForLastOperation) for FLASH_WaitForLastOperation
    stm32f4xx_flash.o(i.FLASH_ProgramDoubleWord) refers to stm32f4xx_flash.o(i.FLASH_WaitForLastOperation) for FLASH_WaitForLastOperation
    stm32f4xx_flash.o(i.FLASH_ProgramHalfWord) refers to stm32f4xx_flash.o(i.FLASH_WaitForLastOperation) for FLASH_WaitForLastOperation
    stm32f4xx_flash.o(i.FLASH_ProgramWord) refers to stm32f4xx_flash.o(i.FLASH_WaitForLastOperation) for FLASH_WaitForLastOperation
    stm32f4xx_flash.o(i.FLASH_WaitForLastOperation) refers to stm32f4xx_flash.o(i.FLASH_GetStatus) for FLASH_GetStatus
    stm32f4xx_gpio.o(i.GPIO_DeInit) refers to stm32f4xx_rcc.o(i.RCC_AHB1PeriphResetCmd) for RCC_AHB1PeriphResetCmd
    stm32f4xx_i2c.o(i.I2C_DeInit) refers to stm32f4xx_rcc.o(i.RCC_APB1PeriphResetCmd) for RCC_APB1PeriphResetCmd
    stm32f4xx_i2c.o(i.I2C_Init) refers to stm32f4xx_rcc.o(i.RCC_GetClocksFreq) for RCC_GetClocksFreq
    stm32f4xx_rcc.o(i.RCC_GetClocksFreq) refers to stm32f4xx_rcc.o(.data) for APBAHBPrescTable
    stm32f4xx_rcc.o(i.RCC_WaitForHSEStartUp) refers to stm32f4xx_rcc.o(i.RCC_GetFlagStatus) for RCC_GetFlagStatus
[...]
    Removing stm32f4xx_rtc.o(i.RTC_RefClockCmd), (80 bytes).
    Removing stm32f4xx_rtc.o(i.RTC_SetAlarm), (236 bytes).
    Removing stm32f4xx_rtc.o(i.RTC_SetDate), (200 bytes).
    Removing stm32f4xx_rtc.o(i.RTC_SetTime), (208 bytes).
    Removing stm32f4xx_rtc.o(i.RTC_SetWakeUpCounter), (28 bytes).
    Removing stm32f4xx_rtc.o(i.RTC_SmoothCalibConfig), (96 bytes).
    Removing stm32f4xx_rtc.o(i.RTC_StructInit), (14 bytes).
    Removing stm32f4xx_rtc.o(i.RTC_SynchroShiftConfig), (124 bytes).
    Removing stm32f4xx_rtc.o(i.RTC_TamperCmd), (32 bytes).
    Removing stm32f4xx_rtc.o(i.RTC_TamperFilterConfig), (28 bytes).
    Removing stm32f4xx_rtc.o(i.RTC_TamperPinSelection), (28 bytes).
    Removing stm32f4xx_rtc.o(i.RTC_TamperPinsPrechargeDuration), (28 bytes).
    Removing stm32f4xx_rtc.o(i.RTC_TamperPullUpCmd), (36 bytes).
    Removing stm32f4xx_rtc.o(i.RTC_TamperSamplingFreqConfig), (28 bytes).
    Removing stm32f4xx_rtc.o(i.RTC_TamperTriggerConfig), (36 bytes).
    Removing stm32f4xx_rtc.o(i.RTC_TimeStampCmd), (56 bytes).
    Removing stm32f4xx_rtc.o(i.RTC_TimeStampOnTamperDetectionCmd), (36 bytes).
    Removing stm32f4xx_rtc.o(i.RTC_TimeStampPinSelection), (28 bytes).
    Removing stm32f4xx_rtc.o(i.RTC_TimeStructInit), (12 bytes).
    Removing stm32f4xx_rtc.o(i.RTC_WaitForSynchro), (96 bytes).
    Removing stm32f4xx_rtc.o(i.RTC_WakeUpClockConfig), (48 bytes).
    Removing stm32f4xx_rtc.o(i.RTC_WakeUpCmd), (120 bytes).
    Removing stm32f4xx_rtc.o(i.RTC_WriteBackupRegister), (28 bytes).
    Removing stm32f4xx_rtc.o(i.RTC_WriteProtectionCmd), (28 bytes).
    Removing stm32f4xx_sdio.o(.rev16_text), (4 bytes).
    Removing stm32f4xx_sdio.o(.revsh_text), (4 bytes).
    Removing stm32f4xx_sdio.o(i.SDIO_CEATAITCmd), (16 bytes).
    Removing stm32f4xx_sdio.o(i.SDIO_ClearFlag), (12 bytes).
    Removing stm32f4xx_sdio.o(i.SDIO_ClearITPendingBit), (12 bytes).
    Removing stm32f4xx_sdio.o(i.SDIO_ClockCmd), (12 bytes).
    Removing stm32f4xx_sdio.o(i.SDIO_CmdStructInit), (14 bytes).
    Removing stm32f4xx_sdio.o(i.SDIO_CommandCompletionCmd), (12 bytes).
    Removing stm32f4xx_sdio.o(i.SDIO_DMACmd), (12 bytes).
    Removing stm32f4xx_sdio.o(i.SDIO_DataConfig), (52 bytes).
    Removing stm32f4xx_sdio.o(i.SDIO_DataStructInit), (20 bytes).
    Removing stm32f4xx_sdio.o(i.SDIO_DeInit), (22 bytes).
    Removing stm32f4xx_sdio.o(i.SDIO_GetCommandResponse), (12 bytes).
    Removing stm32f4xx_sdio.o(i.SDIO_GetDataCounter), (12 bytes).
    Removing stm32f4xx_sdio.o(i.SDIO_GetFIFOCount), (12 bytes).
    Removing stm32f4xx_sdio.o(i.SDIO_GetFlagStatus), (24 bytes).
    Removing stm32f4xx_sdio.o(i.SDIO_GetITStatus), (24 bytes).
    Removing stm32f4xx_sdio.o(i.SDIO_GetPowerState), (16 bytes).
    Removing stm32f4xx_sdio.o(i.SDIO_GetResponse), (24 bytes).
    Removing stm32f4xx_sdio.o(i.SDIO_ITConfig), (32 bytes).
    Removing stm32f4xx_sdio.o(i.SDIO_Init), (48 bytes).
    Removing stm32f4xx_sdio.o(i.SDIO_ReadData), (12 bytes).
    Removing stm32f4xx_sdio.o(i.SDIO_SendCEATACmd), (12 bytes).
    Removing stm32f4xx_sdio.o(i.SDIO_SendCommand), (44 bytes).
    Removing stm32f4xx_sdio.o(i.SDIO_SendSDIOSuspendCmd), (12 bytes).
    Removing stm32f4xx_sdio.o(i.SDIO_SetPowerState), (12 bytes).
    Removing stm32f4xx_sdio.o(i.SDIO_SetSDIOOperation), (12 bytes).
    Removing stm32f4xx_sdio.o(i.SDIO_SetSDIOReadWaitMode), (12 bytes).
    Removing stm32f4xx_sdio.o(i.SDIO_StartSDIOReadWait), (12 bytes).
    Removing stm32f4xx_sdio.o(i.SDIO_StopSDIOReadWait), (12 bytes).
    Removing stm32f4xx_sdio.o(i.SDIO_StructInit), (16 bytes).
    Removing stm32f4xx_sdio.o(i.SDIO_WriteData), (12 bytes).
    Removing stm32f4xx_spi.o(.rev16_text), (4 bytes).
    Removing stm32f4xx_spi.o(.revsh_text), (4 bytes).
    Removing stm32f4xx_spi.o(i.I2S_Cmd), (24 bytes).
    Removing stm32f4xx_spi.o(i.I2S_FullDuplexConfig), (80 bytes).
    Removing stm32f4xx_spi.o(i.I2S_Init), (408 bytes).
    Removing stm32f4xx_spi.o(i.I2S_StructInit), (20 bytes).
    Removing stm32f4xx_spi.o(i.SPI_BiDirectionalLineConfig), (28 bytes).
    Removing stm32f4xx_spi.o(i.SPI_CalculateCRC), (24 bytes).
    Removing stm32f4xx_spi.o(i.SPI_DataSizeConfig), (18 bytes).
    Removing stm32f4xx_spi.o(i.SPI_GetCRC), (16 bytes).
    Removing stm32f4xx_spi.o(i.SPI_GetCRCPolynomial), (6 bytes).
    Removing stm32f4xx_spi.o(i.SPI_I2S_ClearFlag), (6 bytes).
    Removing stm32f4xx_spi.o(i.SPI_I2S_ClearITPendingBit), (20 bytes).
    Removing stm32f4xx_spi.o(i.SPI_I2S_DMACmd), (18 bytes).
    Removing stm32f4xx_spi.o(i.SPI_I2S_DeInit), (176 bytes).
    Removing stm32f4xx_spi.o(i.SPI_I2S_GetITStatus), (52 bytes).
    Removing stm32f4xx_spi.o(i.SPI_I2S_ITConfig), (32 bytes).
    Removing stm32f4xx_spi.o(i.SPI_NSSInternalSoftwareConfig), (30 bytes).
    Removing stm32f4xx_spi.o(i.SPI_SSOutputCmd), (24 bytes).
    Removing stm32f4xx_spi.o(i.SPI_StructInit), (24 bytes).
    Removing stm32f4xx_spi.o(i.SPI_TIModeCmd), (24 bytes).
    Removing stm32f4xx_spi.o(i.SPI_TransmitCRC), (10 bytes).
    Removing stm32f4xx_tim.o(.rev16_text), (4 bytes).
    Removing stm32f4xx_tim.o(.revsh_text), (4 bytes).
    Removing stm32f4xx_tim.o(i.TI1_Config), (58 bytes).
    Removing stm32f4xx_tim.o(i.TI2_Config), (80 bytes).
    Removing stm32f4xx_tim.o(i.TI3_Config), (72 bytes).
    Removing stm32f4xx_tim.o(i.TI4_Config), (80 bytes).
    Removing stm32f4xx_tim.o(i.TIM_ARRPreloadConfig), (24 bytes).
    Removing stm32f4xx_tim.o(i.TIM_BDTRConfig), (32 bytes).
    Removing stm32f4xx_tim.o(i.TIM_BDTRStructInit), (18 bytes).
    Removing stm32f4xx_tim.o(i.TIM_CCPreloadControl), (24 bytes).
    Removing stm32f4xx_tim.o(i.TIM_CCxCmd), (30 bytes).
    Removing stm32f4xx_tim.o(i.TIM_CCxNCmd), (30 bytes).
    Removing stm32f4xx_tim.o(i.TIM_ClearFlag), (6 bytes).
    Removing stm32f4xx_tim.o(i.TIM_ClearITPendingBit), (6 bytes).
    Removing stm32f4xx_tim.o(i.TIM_ClearOC1Ref), (18 bytes).
    Removing stm32f4xx_tim.o(i.TIM_ClearOC2Ref), (24 bytes).
    Removing stm32f4xx_tim.o(i.TIM_ClearOC3Ref), (18 bytes).
    Removing stm32f4xx_tim.o(i.TIM_ClearOC4Ref), (24 bytes).
    Removing stm32f4xx_tim.o(i.TIM_Cmd), (24 bytes).
    Removing stm32f4xx_tim.o(i.TIM_CounterModeConfig), (18 bytes).
    Removing stm32f4xx_tim.o(i.TIM_CtrlPWMOutputs), (30 bytes).
    Removing stm32f4xx_tim.o(i.TIM_DMACmd), (18 bytes).
    Removing stm32f4xx_tim.o(i.TIM_DMAConfig), (10 bytes).
    Removing stm32f4xx_tim.o(i.TIM_DeInit), (400 bytes).
    Removing stm32f4xx_tim.o(i.TIM_ETRClockMode1Config), (54 bytes).
    Removing stm32f4xx_tim.o(i.TIM_ETRClockMode2Config), (32 bytes).
    Removing stm32f4xx_tim.o(i.TIM_ETRConfig), (28 bytes).
    Removing stm32f4xx_tim.o(i.TIM_EncoderInterfaceConfig), (66 bytes).
    Removing stm32f4xx_tim.o(i.TIM_ForcedOC1Config), (18 bytes).
    Removing stm32f4xx_tim.o(i.TIM_ForcedOC2Config), (26 bytes).
    Removing stm32f4xx_tim.o(i.TIM_ForcedOC3Config), (18 bytes).
    Removing stm32f4xx_tim.o(i.TIM_ForcedOC4Config), (26 bytes).
    Removing stm32f4xx_tim.o(i.TIM_GenerateEvent), (4 bytes).
    Removing stm32f4xx_tim.o(i.TIM_GetCapture1), (6 bytes).
    Removing stm32f4xx_tim.o(i.TIM_GetCapture2), (6 bytes).
    Removing stm32f4xx_tim.o(i.TIM_GetCapture3), (6 bytes).
    Removing stm32f4xx_tim.o(i.TIM_GetCapture4), (6 bytes).
    Removing stm32f4xx_tim.o(i.TIM_GetCounter), (6 bytes).
    Removing stm32f4xx_tim.o(i.TIM_GetFlagStatus), (18 bytes).
    Removing stm32f4xx_tim.o(i.TIM_GetITStatus), (34 bytes).
    Removing stm32f4xx_tim.o(i.TIM_GetPrescaler), (6 bytes).
    Removing stm32f4xx_tim.o(i.TIM_ICInit), (110 bytes).
    Removing stm32f4xx_tim.o(i.TIM_ICStructInit), (18 bytes).
    Removing stm32f4xx_tim.o(i.TIM_ITConfig), (18 bytes).
    Removing stm32f4xx_tim.o(i.TIM_ITRxExternalClockConfig), (24 bytes).
    Removing stm32f4xx_tim.o(i.TIM_InternalClockConfig), (12 bytes).
    Removing stm32f4xx_tim.o(i.TIM_OC1FastConfig), (18 bytes).
    Removing stm32f4xx_tim.o(i.TIM_OC1Init), (124 bytes).
    Removing stm32f4xx_tim.o(i.TIM_OC1NPolarityConfig), (18 bytes).
    Removing stm32f4xx_tim.o(i.TIM_OC1PolarityConfig), (18 bytes).
    Removing stm32f4xx_tim.o(i.TIM_OC1PreloadConfig), (18 bytes).
    Removing stm32f4xx_tim.o(i.TIM_OC2FastConfig), (26 bytes).
    Removing stm32f4xx_tim.o(i.TIM_OC2Init), (164 bytes).
    Removing stm32f4xx_tim.o(i.TIM_OC2NPolarityConfig), (26 bytes).
    Removing stm32f4xx_tim.o(i.TIM_OC2PolarityConfig), (26 bytes).
    Removing stm32f4xx_tim.o(i.TIM_OC2PreloadConfig), (26 bytes).
    Removing stm32f4xx_tim.o(i.TIM_OC3FastConfig), (18 bytes).
    Removing stm32f4xx_tim.o(i.TIM_OC3Init), (160 bytes).
    Removing stm32f4xx_tim.o(i.TIM_OC3NPolarityConfig), (26 bytes).
    Removing stm32f4xx_tim.o(i.TIM_OC3PolarityConfig), (26 bytes).
    Removing stm32f4xx_tim.o(i.TIM_OC3PreloadConfig), (18 bytes).
    Removing stm32f4xx_tim.o(i.TIM_OC4FastConfig), (26 bytes).
    Removing stm32f4xx_tim.o(i.TIM_OC4Init), (120 bytes).
    Removing stm32f4xx_tim.o(i.TIM_OC4PolarityConfig), (26 bytes).
    Removing stm32f4xx_tim.o(i.TIM_OC4PreloadConfig), (26 bytes).
    Removing stm32f4xx_tim.o(i.TIM_OCStructInit), (20 bytes).
    Removing stm32f4xx_tim.o(i.TIM_PWMIConfig), (124 bytes).
    Removing stm32f4xx_tim.o(i.TIM_PrescalerConfig), (6 bytes).
    Removing stm32f4xx_tim.o(i.TIM_RemapConfig), (6 bytes).
    Removing stm32f4xx_tim.o(i.TIM_SelectCCDMA), (24 bytes).
    Removing stm32f4xx_tim.o(i.TIM_SelectCOM), (24 bytes).
    Removing stm32f4xx_tim.o(i.TIM_SelectHallSensor), (24 bytes).
    Removing stm32f4xx_tim.o(i.TIM_SelectInputTrigger), (18 bytes).
    Removing stm32f4xx_tim.o(i.TIM_SelectMasterSlaveMode), (18 bytes).
    Removing stm32f4xx_tim.o(i.TIM_SelectOCxM), (86 bytes).
    Removing stm32f4xx_tim.o(i.TIM_SelectOnePulseMode), (18 bytes).
    Removing stm32f4xx_tim.o(i.TIM_SelectOutputTrigger), (18 bytes).
    Removing stm32f4xx_tim.o(i.TIM_SelectSlaveMode), (18 bytes).
    Removing stm32f4xx_tim.o(i.TIM_SetAutoreload), (4 bytes).
    Removing stm32f4xx_tim.o(i.TIM_SetClockDivision), (18 bytes).
    Removing stm32f4xx_tim.o(i.TIM_SetCompare1), (4 bytes).
    Removing stm32f4xx_tim.o(i.TIM_SetCompare2), (4 bytes).
    Removing stm32f4xx_tim.o(i.TIM_SetCompare3), (4 bytes).
    Removing stm32f4xx_tim.o(i.TIM_SetCompare4), (4 bytes).
    Removing stm32f4xx_tim.o(i.TIM_SetCounter), (4 bytes).
    Removing stm32f4xx_tim.o(i.TIM_SetIC1Prescaler), (18 bytes).
    Removing stm32f4xx_tim.o(i.TIM_SetIC2Prescaler), (26 bytes).
    Removing stm32f4xx_tim.o(i.TIM_SetIC3Prescaler), (18 bytes).
    Removing stm32f4xx_tim.o(i.TIM_SetIC4Prescaler), (26 bytes).
    Removing stm32f4xx_tim.o(i.TIM_TIxExternalClockConfig), (62 bytes).
    Removing stm32f4xx_tim.o(i.TIM_TimeBaseInit), (132 bytes).
    Removing stm32f4xx_tim.o(i.TIM_TimeBaseStructInit), (18 bytes).
    Removing stm32f4xx_tim.o(i.TIM_UpdateDisableConfig), (24 bytes).
    Removing stm32f4xx_tim.o(i.TIM_UpdateRequestConfig), (24 bytes).
    Removing stm32f4xx_usart.o(.rev16_text), (4 bytes).
    Removing stm32f4xx_usart.o(.revsh_text), (4 bytes).
    Removing stm32f4xx_usart.o(i.USART_ClearFlag), (18 bytes).
    Removing stm32f4xx_usart.o(i.USART_ClearITPendingBit), (30 bytes).
    Removing stm32f4xx_usart.o(i.USART_ClockInit), (32 bytes).
    Removing stm32f4xx_usart.o(i.USART_ClockStructInit), (12 bytes).
    Removing stm32f4xx_usart.o(i.USART_Cmd), (24 bytes).
    Removing stm32f4xx_usart.o(i.USART_DMACmd), (18 bytes).
    Removing stm32f4xx_usart.o(i.USART_DeInit), (240 bytes).
    Removing stm32f4xx_usart.o(i.USART_GetFlagStatus), (26 bytes).
    Removing stm32f4xx_usart.o(i.USART_HalfDuplexCmd), (24 bytes).
    Removing stm32f4xx_usart.o(i.USART_ITConfig), (74 bytes).
    Removing stm32f4xx_usart.o(i.USART_Init), (212 bytes).
    Removing stm32f4xx_usart.o(i.USART_IrDACmd), (24 bytes).
    Removing stm32f4xx_usart.o(i.USART_IrDAConfig), (18 bytes).
    Removing stm32f4xx_usart.o(i.USART_LINBreakDetectLengthConfig), (18 bytes).
    Removing stm32f4xx_usart.o(i.USART_LINCmd), (24 bytes).
    Removing stm32f4xx_usart.o(i.USART_OneBitMethodCmd), (24 bytes).
    Removing stm32f4xx_usart.o(i.USART_OverSampling8Cmd), (22 bytes).
    Removing stm32f4xx_usart.o(i.USART_ReceiverWakeUpCmd), (24 bytes).
    Removing stm32f4xx_usart.o(i.USART_SendBreak), (10 bytes).
    Removing stm32f4xx_usart.o(i.USART_SendData), (8 bytes).
    Removing stm32f4xx_usart.o(i.USART_SetAddress), (18 bytes).
    Removing stm32f4xx_usart.o(i.USART_SetGuardTime), (16 bytes).
    Removing stm32f4xx_usart.o(i.USART_SetPrescaler), (16 bytes).
    Removing stm32f4xx_usart.o(i.USART_SmartCardCmd), (24 bytes).
    Removing stm32f4xx_usart.o(i.USART_SmartCardNACKCmd), (24 bytes).
    Removing stm32f4xx_usart.o(i.USART_StructInit), (24 bytes).
    Removing stm32f4xx_usart.o(i.USART_WakeUpConfig), (18 bytes).
    Removing bsp_led.o(.rev16_text), (4 bytes).
    Removing bsp_led.o(.revsh_text), (4 bytes).
    Removing bsp_led.o(i.LED_GPIO_Config), (60 bytes).
    Removing bsp_key.o(.rev16_text), (4 bytes).
    Removing bsp_key.o(.revsh_text), (4 bytes).
    Removing bsp_key.o(i.KEY_GPIO_Config), (40 bytes).
    Removing bsp_key.o(i.Key_Scan), (38 bytes).
    Removing bsp_lcd.o(.rev16_text), (4 bytes).
    Removing bsp_lcd.o(.revsh_text), (4 bytes).
    Removing bsp_lcd.o(i.Draw_Triangel), (56 bytes).
    Removing bsp_lcd.o(i.Fill_Triangel), (504 bytes).
    Removing bsp_lcd.o(i.GetGBKENCode_from_EXFlash), (440 bytes).
    Removing bsp_lcd.o(i.LCD_DispStringLine_EN), (124 bytes).
    Removing bsp_lcd.o(i.LCD_DispStringLine_EN_CH), (220 bytes).
    Removing bsp_lcd.o(i.LCD_DispString_EN_CH_YDir), (172 bytes).
    Removing bsp_lcd.o(i.LCD_DispString_EN_YDir), (124 bytes).
    Removing bsp_lcd.o(i.LCD_DrawFillRectangle), (28 bytes).
    Removing bsp_lcd.o(i.LCD_DrawPicture), (104 bytes).
    Removing bsp_lcd.o(i.LCD_DrawRectangle), (64 bytes).
    Removing bsp_lcd.o(i.LCD_Fill), (120 bytes).
    Removing bsp_lcd.o(i.LCD_GetCHFont), (12 bytes).
    Removing bsp_lcd.o(i.LCD_GetColors), (24 bytes).
    Removing bsp_lcd.o(i.LCD_GetFont), (12 bytes).
    Removing bsp_lcd.o(i.LCD_ShowExChar), (344 bytes).
    Removing bsp_lcd.o(i.LCD_ShowString), (112 bytes).
    Removing bsp_lcd.o(i.LCD_StrCenter), (56 bytes).
    Removing bsp_lcd.o(i._swap), (10 bytes).
    Removing bsp_lcdinit.o(.rev16_text), (4 bytes).
    Removing bsp_lcdinit.o(.revsh_text), (4 bytes).
    Removing bsp_lcdinit.o(.data), (8 bytes).
    Removing bsp_font.o(.rev16_text), (4 bytes).
    Removing bsp_font.o(.revsh_text), (4 bytes).
    Removing bsp_touch.o(.rev16_text), (4 bytes).
    Removing bsp_touch.o(.revsh_text), (4 bytes).
    Removing bsp_touch.o(i.TP_Draw_Big_Point), (48 bytes).
    Removing bsp_24cxx.o(.rev16_text), (4 bytes).
    Removing bsp_24cxx.o(.revsh_text), (4 bytes).
    Removing bsp_24cxx.o(i.AT24CXX_Check), (46 bytes).
    Removing bsp_24cxx.o(i.AT24CXX_Read), (34 bytes).
    Removing bsp_24cxx.o(i.AT24CXX_Write), (36 bytes).
    Removing bsp_myiic.o(.rev16_text), (4 bytes).
    Removing bsp_myiic.o(.revsh_text), (4 bytes).
    Removing spi.o(.rev16_text), (4 bytes).
    Removing spi.o(.revsh_text), (4 bytes).
    Removing w25q128.o(.rev16_text), (4 bytes).
    Removing w25q128.o(.revsh_text), (4 bytes).
    Removing w25q128.o(i.Chick_Make_OK), (172 bytes).
    Removing w25q128.o(i.W25Q128_Erase_Chip), (44 bytes).
    Removing w25q128.o(i.W25Q128_Erase_Sector), (88 bytes).
    Removing w25q128.o(i.W25Q128_PowerDown), (40 bytes).
    Removing w25q128.o(i.W25Q128_ReadSR), (44 bytes).
    Removing w25q128.o(i.W25Q128_WAKEUP), (40 bytes).
    Removing w25q128.o(i.W25Q128_Wait_Busy), (18 bytes).
    Removing w25q128.o(i.W25Q128_Write), (290 bytes).
    Removing w25q128.o(i.W25Q128_Write_Disable), (32 bytes).
    Removing w25q128.o(i.W25Q128_Write_Enable), (32 bytes).
    Removing w25q128.o(i.W25Q128_Write_NoCheck), (70 bytes).
    Removing w25q128.o(i.W25Q128_Write_Page), (84 bytes).
    Removing w25q128.o(i.W25Q128_Write_SR), (40 bytes).
    Removing w25q128.o(.bss), (4096 bytes).
    Removing system_stm32f4xx.o(.rev16_text), (4 bytes).
    Removing system_stm32f4xx.o(.revsh_text), (4 bytes).
    Removing system_stm32f4xx.o(i.SystemCoreClockUpdate), (192 bytes).
    Removing system_stm32f4xx.o(.data), (20 bytes).
    Removing delay.o(.rev16_text), (4 bytes).
    Removing delay.o(.revsh_text), (4 bytes).
    Removing sys.o(.rev16_text), (4 bytes).
    Removing sys.o(.revsh_text), (4 bytes).
    Removing sys.o(.emb_text), (16 bytes).
    Removing usart.o(.rev16_text), (4 bytes).
    Removing usart.o(.revsh_text), (4 bytes).
    Removing usart.o(i.fputc), (28 bytes).
    Removing usart.o(i.uart_init), (180 bytes).
    Removing dadd.o(.text), (334 bytes).
    Removing ddiv.o(.text), (222 bytes).
    Removing dfixul.o(.text), (48 bytes).

480 unused section(s) (total 24774 bytes) removed from the image.

==============================================================================

Image Symbol Table

    Local Symbols

    Symbol Name                              Value     Ov Type        Size  Object(Section)

    ../clib/microlib/division.c              0x00000000   Number         0  uidiv.o ABSOLUTE
    ../clib/microlib/division.c              0x00000000   Number         0  uldiv.o ABSOLUTE
    ../clib/microlib/errno.c                 0x00000000   Number         0  errno.o ABSOLUTE
    ../clib/microlib/init/entry.s            0x00000000   Number         0  entry9b.o ABSOLUTE
    ../clib/microlib/init/entry.s            0x00000000   Number         0  entry10a.o ABSOLUTE
    ../clib/microlib/init/entry.s            0x00000000   Number         0  entry11a.o ABSOLUTE
    ../clib/microlib/init/entry.s            0x00000000   Number         0  entry10b.o ABSOLUTE
    ../clib/microlib/init/entry.s            0x00000000   Number         0  entry2.o ABSOLUTE
    ../clib/microlib/init/entry.s            0x00000000   Number         0  entry5.o ABSOLUTE
    ../clib/microlib/init/entry.s            0x00000000   Number         0  entry7a.o ABSOLUTE
    ../clib/microlib/init/entry.s            0x00000000   Number         0  entry.o ABSOLUTE
    ../clib/microlib/init/entry.s            0x00000000   Number         0  entry8b.o ABSOLUTE
    ../clib/microlib/init/entry.s            0x00000000   Number         0  entry11b.o ABSOLUTE
    ../clib/microlib/init/entry.s            0x00000000   Number         0  entry8a.o ABSOLUTE
    ../clib/microlib/init/entry.s            0x00000000   Number         0  entry7b.o ABSOLUTE
    ../clib/microlib/init/entry.s            0x00000000   Number         0  entry12b.o ABSOLUTE
    ../clib/microlib/init/entry.s            0x00000000   Number         0  entry12a.o ABSOLUTE
    ../clib/microlib/init/entry.s            0x00000000   Number         0  entry9a.o ABSOLUTE
    ../clib/microlib/longlong.c              0x00000000   Number         0  llshl.o ABSOLUTE
    ../clib/microlib/longlong.c              0x00000000   Number         0  llsshr.o ABSOLUTE
    ../clib/microlib/longlong.c              0x00000000   Number         0  llushr.o ABSOLUTE
    ../clib/microlib/printf/printf.c         0x00000000   Number         0  printf8.o ABSOLUTE
    ../clib/microlib/printf/printf.c         0x00000000   Number         0  printf3.o ABSOLUTE
    ../clib/microlib/printf/printf.c         0x00000000   Number         0  printf4.o ABSOLUTE
    ../clib/microlib/printf/printf.c         0x00000000   Number         0  printf5.o ABSOLUTE
    ../clib/microlib/printf/printf.c         0x00000000   Number         0  printf6.o ABSOLUTE
    ../clib/microlib/printf/printf.c         0x00000000   Number         0  printf7.o ABSOLUTE
    ../clib/microlib/printf/printf.c         0x00000000   Number         0  printf0.o ABSOLUTE
    ../clib/microlib/printf/printf.c         0x00000000   Number         0  printfb.o ABSOLUTE
    ../clib/microlib/printf/printf.c         0x00000000   Number         0  printf1.o ABSOLUTE
    ../clib/microlib/printf/printf.c         0x00000000   Number         0  printf2.o ABSOLUTE
    ../clib/microlib/printf/printf.c         0x00000000   Number         0  printfa.o ABSOLUTE
    ../clib/microlib/printf/stubs.s          0x00000000   Number         0  stubs.o ABSOLUTE
    ../clib/microlib/stdio/streams.c         0x00000000   Number         0  stdout.o ABSOLUTE
    ../clib/microlib/string/strlen.c         0x00000000   Number         0  strlen.o ABSOLUTE
    ../clib/microlib/stubs.s                 0x00000000   Number         0  iusefp.o ABSOLUTE
    ../fplib/microlib/f2d.c                  0x00000000   Number         0  f2d.o ABSOLUTE
    ../fplib/microlib/fpadd.c                0x00000000   Number         0  dadd.o ABSOLUTE
    ../fplib/microlib/fpdiv.c                0x00000000   Number         0  ddiv.o ABSOLUTE
    ../fplib/microlib/fpepilogue.c           0x00000000   Number         0  depilogue.o ABSOLUTE
    ../fplib/microlib/fpfix.c                0x00000000   Number         0  dfixui.o ABSOLUTE
    ../fplib/microlib/fpfix.c                0x00000000   Number         0  dfixul.o ABSOLUTE
    ../fplib/microlib/fpflt.c                0x00000000   Number         0  dfltui.o ABSOLUTE
    ../fplib/microlib/fpmul.c                0x00000000   Number         0  dmul.o ABSOLUTE
    ../fplib/microlib/fpsqrt.c               0x00000000   Number         0  dsqrt.o ABSOLUTE
    ../mathlib/sqrt.c                        0x00000000   Number         0  sqrt_x.o ABSOLUTE
    ../mathlib/sqrt.c                        0x00000000   Number         0  sqrt.o ABSOLUTE
    ..\HARDWARE\3.5_LCD\bsp_24cxx.c          0x00000000   Number         0  bsp_24cxx.o ABSOLUTE
    ..\HARDWARE\3.5_LCD\bsp_font.c           0x00000000   Number         0  bsp_font.o ABSOLUTE
    ..\HARDWARE\3.5_LCD\bsp_lcd.c            0x00000000   Number         0  bsp_lcd.o ABSOLUTE
    ..\HARDWARE\3.5_LCD\bsp_lcdinit.c        0x00000000   Number         0  bsp_lcdinit.o ABSOLUTE
    ..\HARDWARE\3.5_LCD\bsp_myiic.c          0x00000000   Number         0  bsp_myiic.o ABSOLUTE
    ..\HARDWARE\3.5_LCD\bsp_touch.c          0x00000000   Number         0  bsp_touch.o ABSOLUTE
    ..\HARDWARE\KEY\bsp_key.c                0x00000000   Number         0  bsp_key.o ABSOLUTE
    ..\HARDWARE\LED\bsp_led.c                0x00000000   Number         0  bsp_led.o ABSOLUTE
    ..\HARDWARE\SPI\spi.c                    0x00000000   Number         0  spi.o ABSOLUTE
    ..\HARDWARE\SPI_FLASH\w25q128.c          0x00000000   Number         0  w25q128.o ABSOLUTE
    ..\Libraries\CMSIS\arm\startup_stm32f40_41xxx.s 0x00000000   Number         0  startup_stm32f40_41xxx.o ABSOLUTE
    ..\Libraries\CMSIS\system_stm32f4xx.c    0x00000000   Number         0  system_stm32f4xx.o ABSOLUTE
    ..\Libraries\STM32F4xx_StdPeriph_Driver\src\misc.c 0x00000000   Number         0  misc.o ABSOLUTE
    ..\Libraries\STM32F4xx_StdPeriph_Driver\src\stm32f4xx_exti.c 0x00000000   Number         0  stm32f4xx_exti.o ABSOLUTE
    ..\Libraries\STM32F4xx_StdPeriph_Driver\src\stm32f4xx_flash.c 0x00000000   Number         0  stm32f4xx_flash.o ABSOLUTE
    ..\Libraries\STM32F4xx_StdPeriph_Driver\src\stm32f4xx_gpio.c 0x00000000   Number         0  stm32f4xx_gpio.o ABSOLUTE
    ..\Libraries\STM32F4xx_StdPeriph_Driver\src\stm32f4xx_i2c.c 0x00000000   Number         0  stm32f4xx_i2c.o ABSOLUTE
    ..\Libraries\STM32F4xx_StdPeriph_Driver\src\stm32f4xx_rcc.c 0x00000000   Number         0  stm32f4xx_rcc.o ABSOLUTE
    ..\Libraries\STM32F4xx_StdPeriph_Driver\src\stm32f4xx_rtc.c 0x00000000   Number         0  stm32f4xx_rtc.o ABSOLUTE
    ..\Libraries\STM32F4xx_StdPeriph_Driver\src\stm32f4xx_sdio.c 0x00000000   Number         0  stm32f4xx_sdio.o ABSOLUTE
    ..\Libraries\STM32F4xx_StdPeriph_Driver\src\stm32f4xx_spi.c 0x00000000   Number         0  stm32f4xx_spi.o ABSOLUTE
    ..\Libraries\STM32F4xx_StdPeriph_Driver\src\stm32f4xx_tim.c 0x00000000   Number         0  stm32f4xx_tim.o ABSOLUTE
    ..\Libraries\STM32F4xx_StdPeriph_Driver\src\stm32f4xx_usart.c 0x00000000   Number         0  stm32f4xx_usart.o ABSOLUTE
    ..\SYSTEM\delay\delay.c                  0x00000000   Number         0  delay.o ABSOLUTE
    ..\SYSTEM\sys\sys.c                      0x00000000   Number         0  sys.o ABSOLUTE
    ..\SYSTEM\usart\usart.c                  0x00000000   Number         0  usart.o ABSOLUTE
    ..\User\main.c                           0x00000000   Number         0  main.o ABSOLUTE
    ..\User\stm32f4xx_it.c                   0x00000000   Number         0  stm32f4xx_it.o ABSOLUTE
    ..\\HARDWARE\\3.5_LCD\\bsp_24cxx.c       0x00000000   Number         0  bsp_24cxx.o ABSOLUTE
    ..\\HARDWARE\\3.5_LCD\\bsp_font.c        0x00000000   Number         0  bsp_font.o ABSOLUTE
    ..\\HARDWARE\\3.5_LCD\\bsp_lcd.c         0x00000000   Number         0  bsp_lcd.o ABSOLUTE
    ..\\HARDWARE\\3.5_LCD\\bsp_lcdinit.c     0x00000000   Number         0  bsp_lcdinit.o ABSOLUTE
    ..\\HARDWARE\\3.5_LCD\\bsp_myiic.c       0x00000000   Number         0  bsp_myiic.o ABSOLUTE
    ..\\HARDWARE\\3.5_LCD\\bsp_touch.c       0x00000000   Number         0  bsp_touch.o ABSOLUTE
    ..\\HARDWARE\\KEY\\bsp_key.c             0x00000000   Number         0  bsp_key.o ABSOLUTE
    ..\\HARDWARE\\LED\\bsp_led.c             0x00000000   Number         0  bsp_led.o ABSOLUTE
    ..\\HARDWARE\\SPI\\spi.c                 0x00000000   Number         0  spi.o ABSOLUTE
    ..\\HARDWARE\\SPI_FLASH\\w25q128.c       0x00000000   Number         0  w25q128.o ABSOLUTE
    ..\\Libraries\\CMSIS\\system_stm32f4xx.c 0x00000000   Number         0  system_stm32f4xx.o ABSOLUTE
    ..\\Libraries\\STM32F4xx_StdPeriph_Driver\\src\\misc.c 0x00000000   Number         0  misc.o ABSOLUTE
    ..\\Libraries\\STM32F4xx_StdPeriph_Driver\\src\\stm32f4xx_exti.c 0x00000000   Number         0  stm32f4xx_exti.o ABSOLUTE
    ..\\Libraries\\STM32F4xx_StdPeriph_Driver\\src\\stm32f4xx_flash.c 0x00000000   Number         0  stm32f4xx_flash.o ABSOLUTE
    ..\\Libraries\\STM32F4xx_StdPeriph_Driver\\src\\stm32f4xx_gpio.c 0x00000000   Number         0  stm32f4xx_gpio.o ABSOLUTE
    ..\\Libraries\\STM32F4xx_StdPeriph_Driver\\src\\stm32f4xx_i2c.c 0x00000000   Number         0  stm32f4xx_i2c.o ABSOLUTE
    ..\\Libraries\\STM32F4xx_StdPeriph_Driver\\src\\stm32f4xx_rcc.c 0x00000000   Number         0  stm32f4xx_rcc.o ABSOLUTE
    ..\\Libraries\\STM32F4xx_StdPeriph_Driver\\src\\stm32f4xx_rtc.c 0x00000000   Number         0  stm32f4xx_rtc.o ABSOLUTE
    ..\\Libraries\\STM32F4xx_StdPeriph_Driver\\src\\stm32f4xx_sdio.c 0x00000000   Number         0  stm32f4xx_sdio.o ABSOLUTE
    ..\\Libraries\\STM32F4xx_StdPeriph_Driver\\src\\stm32f4xx_spi.c 0x00000000   Number         0  stm32f4xx_spi.o ABSOLUTE
    ..\\Libraries\\STM32F4xx_StdPeriph_Driver\\src\\stm32f4xx_tim.c 0x00000000   Number         0  stm32f4xx_tim.o ABSOLUTE
    ..\\Libraries\\STM32F4xx_StdPeriph_Driver\\src\\stm32f4xx_usart.c 0x00000000   Number         0  stm32f4xx_usart.o ABSOLUTE
    ..\\SYSTEM\\delay\\delay.c               0x00000000   Number         0  delay.o ABSOLUTE
    ..\\SYSTEM\\sys\\sys.c                   0x00000000   Number         0  sys.o ABSOLUTE
    ..\\SYSTEM\\usart\\usart.c               0x00000000   Number         0  usart.o ABSOLUTE
    ..\\User\\main.c                         0x00000000   Number         0  main.o ABSOLUTE
    ..\\User\\stm32f4xx_it.c                 0x00000000   Number         0  stm32f4xx_it.o ABSOLUTE
    cdcmple.s                                0x00000000   Number         0  cdcmple.o ABSOLUTE
    cdrcmple.s                               0x00000000   Number         0  cdrcmple.o ABSOLUTE
    dc.s                                     0x00000000   Number         0  dc.o ABSOLUTE
    handlers.s                               0x00000000   Number         0  handlers.o ABSOLUTE
    init.s                                   0x00000000   Number         0  init.o ABSOLUTE
    RESET                                    0x08000000   Section      392  startup_stm32f40_41xxx.o(RESET)
    .ARM.Collect$$$$00000000                 0x08000188   Section        0  entry.o(.ARM.Collect$$$$00000000)
    .ARM.Collect$$$$00000001                 0x08000188   Section        4  entry2.o(.ARM.Collect$$$$00000001)
    .ARM.Collect$$$$00000004                 0x0800018c   Section        4  entry5.o(.ARM.Collect$$$$00000004)
    .ARM.Collect$$$$00000008                 0x08000190   Section        0  entry7b.o(.ARM.Collect$$$$00000008)
    .ARM.Collect$$$$0000000A                 0x08000190   Section        0  entry8b.o(.ARM.Collect$$$$0000000A)
    .ARM.Collect$$$$0000000B                 0x08000190   Section        8  entry9a.o(.ARM.Collect$$$$0000000B)
    .ARM.Collect$$$$0000000E                 0x08000198   Section        4  entry12b.o(.ARM.Collect$$$$0000000E)
    .ARM.Collect$$$$0000000F                 0x0800019c   Section        0  entry10a.o(.ARM.Collect$$$$0000000F)
    .ARM.Collect$$$$00000011                 0x0800019c   Section        0  entry11a.o(.ARM.Collect$$$$00000011)
    .ARM.Collect$$$$00002712                 0x0800019c   Section        4  entry2.o(.ARM.Collect$$$$00002712)
    __lit__00000000                          0x0800019c   Data           4  entry2.o(.ARM.Collect$$$$00002712)
    .text                                    0x080001a0   Section       36  startup_stm32f40_41xxx.o(.text)
    $v0                                      0x080001a0   Number         0  startup_stm32f40_41xxx.o(.text)
    .text                                    0x080001c4   Section        0  dmul.o(.text)
    .text                                    0x080002a8   Section        0  dfltui.o(.text)
    .text                                    0x080002c2   Section        0  dfixui.o(.text)
    .text                                    0x080002f4   Section        0  f2d.o(.text)
    .text                                    0x0800031c   Section       48  cdcmple.o(.text)
    .text                                    0x0800034c   Section       48  cdrcmple.o(.text)
    .text                                    0x0800037c   Section        0  uldiv.o(.text)
    .text                                    0x080003de   Section        0  llushr.o(.text)
    .text                                    0x080003fe   Section        0  depilogue.o(.text)
    .text                                    0x080003fe   Section        0  iusefp.o(.text)
    .text                                    0x080004b8   Section        0  dsqrt.o(.text)
    .text                                    0x0800055c   Section       36  init.o(.text)
    .text                                    0x08000580   Section        0  llshl.o(.text)
    i.AT24CXX_Init                           0x0800059e   Section        0  bsp_24cxx.o(i.AT24CXX_Init)
    i.AT24CXX_ReadLenByte                    0x080005a6   Section        0  bsp_24cxx.o(i.AT24CXX_ReadLenByte)
    i.AT24CXX_ReadOneByte                    0x080005d2   Section        0  bsp_24cxx.o(i.AT24CXX_ReadOneByte)
    i.AT24CXX_WriteLenByte                   0x0800062a   Section        0  bsp_24cxx.o(i.AT24CXX_WriteLenByte)
    i.AT24CXX_WriteOneByte                   0x08000654   Section        0  bsp_24cxx.o(i.AT24CXX_WriteOneByte)
    i.BusFault_Handler                       0x080006a4   Section        0  stm32f4xx_it.o(i.BusFault_Handler)
    i.DebugMon_Handler                       0x080006a8   Section        0  stm32f4xx_it.o(i.DebugMon_Handler)
    i.GPIO_Init                              0x080006aa   Section        0  stm32f4xx_gpio.o(i.GPIO_Init)
    i.GPIO_PinAFConfig                       0x0800073a   Section        0  stm32f4xx_gpio.o(i.GPIO_PinAFConfig)
    i.GetGBKCode_from_EXFlash                0x08000780   Section        0  bsp_lcd.o(i.GetGBKCode_from_EXFlash)
    i.HardFault_Handler                      0x08000ac0   Section        0  stm32f4xx_it.o(i.HardFault_Handler)
    i.IIC_Ack                                0x08000ac4   Section        0  bsp_myiic.o(i.IIC_Ack)
    i.IIC_Init                               0x08000b14   Section        0  bsp_myiic.o(i.IIC_Init)
    i.IIC_NAck                               0x08000b60   Section        0  bsp_myiic.o(i.IIC_NAck)
    i.IIC_Read_Byte                          0x08000bb0   Section        0  bsp_myiic.o(i.IIC_Read_Byte)
    i.IIC_Send_Byte                          0x08000c1c   Section        0  bsp_myiic.o(i.IIC_Send_Byte)
    i.IIC_Start                              0x08000c84   Section        0  bsp_myiic.o(i.IIC_Start)
    i.IIC_Stop                               0x08000cd0   Section        0  bsp_myiic.o(i.IIC_Stop)
    i.IIC_Wait_Ack                           0x08000d1c   Section        0  bsp_myiic.o(i.IIC_Wait_Ack)
    i.LCD_Clear                              0x08000d7c   Section        0  bsp_lcd.o(i.LCD_Clear)
    i.LCD_DispString_CH                      0x08000de0   Section        0  bsp_lcd.o(i.LCD_DispString_CH)
    i.LCD_DrawLine                           0x08000e50   Section        0  bsp_lcd.o(i.LCD_DrawLine)
    i.LCD_DrawPoint                          0x08000f00   Section        0  bsp_lcd.o(i.LCD_DrawPoint)
    i.LCD_GPIOInit                           0x08000f1c   Section        0  bsp_lcdinit.o(i.LCD_GPIOInit)
    i.LCD_Init                               0x08000f64   Section        0  bsp_lcdinit.o(i.LCD_Init)
    i.LCD_RESET                              0x0800111c   Section        0  bsp_lcdinit.o(i.LCD_RESET)
    i.LCD_SetBackColor                       0x08001144   Section        0  bsp_lcd.o(i.LCD_SetBackColor)
    i.LCD_SetCHFont                          0x08001150   Section        0  bsp_lcd.o(i.LCD_SetCHFont)
    i.LCD_SetColors                          0x0800115c   Section        0  bsp_lcd.o(i.LCD_SetColors)
    i.LCD_SetCursor                          0x08001170   Section        0  bsp_lcdinit.o(i.LCD_SetCursor)
    i.LCD_SetFont                            0x08001184   Section        0  bsp_lcd.o(i.LCD_SetFont)
    i.LCD_SetTextColor                       0x08001190   Section        0  bsp_lcd.o(i.LCD_SetTextColor)
    i.LCD_SetWindows                         0x0800119c   Section        0  bsp_lcdinit.o(i.LCD_SetWindows)
    i.LCD_ShowChar                           0x080011f0   Section        0  bsp_lcd.o(i.LCD_ShowChar)
    i.LCD_ShowChinese                        0x0800132c   Section        0  bsp_lcd.o(i.LCD_ShowChinese)
    i.LCD_ShowExSHUMAChar                    0x080013fc   Section        0  bsp_lcd.o(i.LCD_ShowExSHUMAChar)
    i.LCD_ShowString_CH_EN                   0x08001558   Section        0  bsp_lcd.o(i.LCD_ShowString_CH_EN)
    i.LCD_WR_DATA                            0x0800163c   Section        0  bsp_lcdinit.o(i.LCD_WR_DATA)
    i.LCD_WR_REG                             0x08001664   Section        0  bsp_lcdinit.o(i.LCD_WR_REG)
    i.LCD_WriteRAM_Prepare                   0x0800168c   Section        0  bsp_lcdinit.o(i.LCD_WriteRAM_Prepare)
    i.LCD_WriteReg                           0x0800169c   Section        0  bsp_lcdinit.o(i.LCD_WriteReg)
    i.LCD_direction                          0x080016b0   Section        0  bsp_lcdinit.o(i.LCD_direction)
    i.Lcd_WriteData_16Bit                    0x0800173c   Section        0  bsp_lcdinit.o(i.Lcd_WriteData_16Bit)
    i.MemManage_Handler                      0x0800175e   Section        0  stm32f4xx_it.o(i.MemManage_Handler)
    i.NMI_Handler                            0x08001762   Section        0  stm32f4xx_it.o(i.NMI_Handler)
    i.PendSV_Handler                         0x08001764   Section        0  stm32f4xx_it.o(i.PendSV_Handler)
    i.RCC_AHB1PeriphClockCmd                 0x08001768   Section        0  stm32f4xx_rcc.o(i.RCC_AHB1PeriphClockCmd)
    i.RCC_APB2PeriphClockCmd                 0x08001788   Section        0  stm32f4xx_rcc.o(i.RCC_APB2PeriphClockCmd)
    i.RCC_APB2PeriphResetCmd                 0x080017a8   Section        0  stm32f4xx_rcc.o(i.RCC_APB2PeriphResetCmd)
    i.SPI1_Init                              0x080017c8   Section        0  spi.o(i.SPI1_Init)
    i.SPI1_ReadWriteByte                     0x0800188c   Section        0  spi.o(i.SPI1_ReadWriteByte)
    i.SPI1_SetSpeed                          0x080018c4   Section        0  spi.o(i.SPI1_SetSpeed)
    i.SPI_Cmd                                0x080018ec   Section        0  stm32f4xx_spi.o(i.SPI_Cmd)
    i.SPI_I2S_GetFlagStatus                  0x08001904   Section        0  stm32f4xx_spi.o(i.SPI_I2S_GetFlagStatus)
    i.SPI_I2S_ReceiveData                    0x08001916   Section        0  stm32f4xx_spi.o(i.SPI_I2S_ReceiveData)
    i.SPI_I2S_SendData                       0x0800191c   Section        0  stm32f4xx_spi.o(i.SPI_I2S_SendData)
    i.SPI_Init                               0x08001920   Section        0  stm32f4xx_spi.o(i.SPI_Init)
    i.SPIv_WriteData                         0x0800195c   Section        0  bsp_lcdinit.o(i.SPIv_WriteData)
    i.SVC_Handler                            0x0800199c   Section        0  stm32f4xx_it.o(i.SVC_Handler)
    i.SetSysClock                            0x080019a0   Section        0  system_stm32f4xx.o(i.SetSysClock)
    SetSysClock                              0x080019a1   Thumb Code   220  system_stm32f4xx.o(i.SetSysClock)
    i.SysTick_CLKSourceConfig                0x08001a8c   Section        0  misc.o(i.SysTick_CLKSourceConfig)
    i.SysTick_Handler                        0x08001ab4   Section        0  stm32f4xx_it.o(i.SysTick_Handler)
    i.SystemInit                             0x08001ab8   Section        0  system_stm32f4xx.o(i.SystemInit)
    i.TP_Adj_Info_Show                       0x08001b20   Section        0  bsp_touch.o(i.TP_Adj_Info_Show)
    i.TP_Adjust                              0x08001ca8   Section        0  bsp_touch.o(i.TP_Adjust)
    i.TP_Drow_Touch_Point                    0x080024b0   Section        0  bsp_touch.o(i.TP_Drow_Touch_Point)
    i.TP_Get_Adjdata                         0x08002518   Section        0  bsp_touch.o(i.TP_Get_Adjdata)
    i.TP_Init                                0x080025c8   Section        0  bsp_touch.o(i.TP_Init)
    i.TP_Read_AD                             0x08002674   Section        0  bsp_touch.o(i.TP_Read_AD)
    i.TP_Read_XOY                            0x08002708   Section        0  bsp_touch.o(i.TP_Read_XOY)
    i.TP_Read_XY                             0x08002780   Section        0  bsp_touch.o(i.TP_Read_XY)
    i.TP_Read_XY2                            0x080027b0   Section        0  bsp_touch.o(i.TP_Read_XY2)
    i.TP_Save_Adjdata                        0x08002870   Section        0  bsp_touch.o(i.TP_Save_Adjdata)
    i.TP_Scan                                0x080028f0   Section        0  bsp_touch.o(i.TP_Scan)
    i.TP_Write_Byte                          0x080029d8   Section        0  bsp_touch.o(i.TP_Write_Byte)
    i.USART1_IRQHandler                      0x08002a24   Section        0  usart.o(i.USART1_IRQHandler)
    i.USART_GetITStatus                      0x08002aac   Section        0  stm32f4xx_usart.o(i.USART_GetITStatus)
    i.USART_ReceiveData                      0x08002b00   Section        0  stm32f4xx_usart.o(i.USART_ReceiveData)
    i.UsageFault_Handler                     0x08002b0a   Section        0  stm32f4xx_it.o(i.UsageFault_Handler)
    i.W25Q128_Init                           0x08002b10   Section        0  w25q128.o(i.W25Q128_Init)
    i.W25Q128_Read                           0x08002b68   Section        0  w25q128.o(i.W25Q128_Read)
    i.W25Q128_ReadID                         0x08002bb4   Section        0  w25q128.o(i.W25Q128_ReadID)
    i.__0sprintf$5                           0x08002c14   Section        0  printf5.o(i.__0sprintf$5)
    i.__hardfp_sqrt                          0x08002c3c   Section        0  sqrt.o(i.__hardfp_sqrt)
    i.__scatterload_copy                     0x08002cb6   Section       14  handlers.o(i.__scatterload_copy)
    i.__scatterload_null                     0x08002cc4   Section        2  handlers.o(i.__scatterload_null)
    i.__scatterload_zeroinit                 0x08002cc6   Section       14  handlers.o(i.__scatterload_zeroinit)
    i.__set_errno                            0x08002cd4   Section        0  errno.o(i.__set_errno)
    i._draw_circle_8                         0x08002ce0   Section        0  bsp_lcd.o(i._draw_circle_8)
    i._printf_core                           0x08002d50   Section        0  printf5.o(i._printf_core)
    _printf_core                             0x08002d51   Thumb Code   660  printf5.o(i._printf_core)
    i._sputc                                 0x08003010   Section        0  printf5.o(i._sputc)
    _sputc                                   0x08003011   Thumb Code    10  printf5.o(i._sputc)
    i.delay_init                             0x0800301c   Section        0  delay.o(i.delay_init)
    i.delay_ms                               0x08003058   Section        0  delay.o(i.delay_ms)
    i.delay_us                               0x08003090   Section        0  delay.o(i.delay_us)
    i.delay_xms                              0x080030dc   Section        0  delay.o(i.delay_xms)
    i.gui_circle                             0x08003128   Section        0  bsp_lcd.o(i.gui_circle)
    i.main                                   0x080031b8   Section        0  main.o(i.main)
    .constdata                               0x08003220   Section     2660  bsp_font.o(.constdata)
    .conststring                             0x08003c84   Section      121  bsp_touch.o(.conststring)
    .data                                    0x20000000   Section       14  bsp_lcd.o(.data)
    CurrentTextColor                         0x20000008   Data           2  bsp_lcd.o(.data)
    CurrentBackColor                         0x2000000a   Data           2  bsp_lcd.o(.data)
    everRead                                 0x2000000c   Data           1  bsp_lcd.o(.data)
    everRead                                 0x2000000d   Data           1  bsp_lcd.o(.data)
    .data                                    0x2000000e   Section      174  bsp_font.o(.data)
    .data                                    0x200000bc   Section       48  bsp_touch.o(.data)
    .data                                    0x200000ec   Section        4  w25q128.o(.data)
    .data                                    0x200000f0   Section        4  delay.o(.data)
    fac_us                                   0x200000f0   Data           1  delay.o(.data)
    fac_ms                                   0x200000f2   Data           2  delay.o(.data)
    .data                                    0x200000f4   Section        2  usart.o(.data)
    .data                                    0x200000f8   Section        4  errno.o(.data)
    _errno                                   0x200000f8   Data           4  errno.o(.data)
    .bss                                     0x200000fc   Section       14  bsp_lcd.o(.bss)
    .bss                                     0x2000010a   Section      200  usart.o(.bss)
    STACK                                    0x200001d8   Section     1024  startup_stm32f40_41xxx.o(STACK)

    Global Symbols

    Symbol Name                              Value     Ov Type        Size  Object(Section)

    BuildAttributes$$THM_ISAv4$E$P$D$K$B$S$7EM$VFPi3$EXTD16$VFPS$VFMA$PE$A:L22UL41UL21$X:L11$S22US41US21$IEEE1$IW$USESV6$~STKCKD$USESV7$~SHL$OTIME$ROPI$IEEEJ$EBA8$MICROLIB$REQ8$PRES8$EABIv2 0x00000000   Number         0  anon$$obj.o ABSOLUTE
    __ARM_use_no_argv                        0x00000000   Number         0  main.o ABSOLUTE
    _printf_a                                0x00000000   Number         0  stubs.o ABSOLUTE
    _printf_c                                0x00000000   Number         0  stubs.o ABSOLUTE
    _printf_charcount                        0x00000000   Number         0  stubs.o ABSOLUTE
    _printf_d                                0x00000000   Number         0  stubs.o ABSOLUTE
    _printf_e                                0x00000000   Number         0  stubs.o ABSOLUTE
    _printf_f                                0x00000000   Number         0  stubs.o ABSOLUTE
    _printf_flags                            0x00000000   Number         0  stubs.o ABSOLUTE
    _printf_fp_dec                           0x00000000   Number         0  stubs.o ABSOLUTE
    _printf_fp_hex                           0x00000000   Number         0  stubs.o ABSOLUTE
    _printf_g                                0x00000000   Number         0  stubs.o ABSOLUTE
    _printf_i                                0x00000000   Number         0  stubs.o ABSOLUTE
    _printf_int_dec                          0x00000000   Number         0  stubs.o ABSOLUTE
    _printf_l                                0x00000000   Number         0  stubs.o ABSOLUTE
    _printf_lc                               0x00000000   Number         0  stubs.o ABSOLUTE
    _printf_ll                               0x00000000   Number         0  stubs.o ABSOLUTE
    _printf_lld                              0x00000000   Number         0  stubs.o ABSOLUTE
    _printf_lli                              0x00000000   Number         0  stubs.o ABSOLUTE
    _printf_llo                              0x00000000   Number         0  stubs.o ABSOLUTE
    _printf_llu                              0x00000000   Number         0  stubs.o ABSOLUTE
    _printf_llx                              0x00000000   Number         0  stubs.o ABSOLUTE
    _printf_longlong_dec                     0x00000000   Number         0  stubs.o ABSOLUTE
    _printf_longlong_hex                     0x00000000   Number         0  stubs.o ABSOLUTE
    _printf_longlong_oct                     0x00000000   Number         0  stubs.o ABSOLUTE
    _printf_ls                               0x00000000   Number         0  stubs.o ABSOLUTE
    _printf_mbtowc                           0x00000000   Number         0  stubs.o ABSOLUTE
    _printf_n                                0x00000000   Number         0  stubs.o ABSOLUTE
    _printf_o                                0x00000000   Number         0  stubs.o ABSOLUTE
    _printf_p                                0x00000000   Number         0  stubs.o ABSOLUTE
    _printf_percent                          0x00000000   Number         0  stubs.o ABSOLUTE
    _printf_pre_padding                      0x00000000   Number         0  stubs.o ABSOLUTE
    _printf_return_value                     0x00000000   Number         0  stubs.o ABSOLUTE
    _printf_s                                0x00000000   Number         0  stubs.o ABSOLUTE
    _printf_sizespec                         0x00000000   Number         0  stubs.o ABSOLUTE
    _printf_str                              0x00000000   Number         0  stubs.o ABSOLUTE
    _printf_truncate_signed                  0x00000000   Number         0  stubs.o ABSOLUTE
    _printf_truncate_unsigned                0x00000000   Number         0  stubs.o ABSOLUTE
    _printf_u                                0x00000000   Number         0  stubs.o ABSOLUTE
    _printf_wc                               0x00000000   Number         0  stubs.o ABSOLUTE
    _printf_wctomb                           0x00000000   Number         0  stubs.o ABSOLUTE
    _printf_widthprec                        0x00000000   Number         0  stubs.o ABSOLUTE
    _printf_x                                0x00000000   Number         0  stubs.o ABSOLUTE
    __arm_fini_                               - Undefined Weak Reference
    __cpp_initialize__aeabi_                  - Undefined Weak Reference
    __cxa_finalize                            - Undefined Weak Reference
    __decompress                              - Undefined Weak Reference
    _clock_init                               - Undefined Weak Reference
    _microlib_exit                            - Undefined Weak Reference
    __Vectors_Size                           0x00000188   Number         0  startup_stm32f40_41xxx.o ABSOLUTE
    __Vectors                                0x08000000   Data           4  startup_stm32f40_41xxx.o(RESET)
    __Vectors_End                            0x08000188   Data           0  startup_stm32f40_41xxx.o(RESET)
    __main                                   0x08000189   Thumb Code     0  entry.o(.ARM.Collect$$$$00000000)
    _main_stk                                0x08000189   Thumb Code     0  entry2.o(.ARM.Collect$$$$00000001)
    _main_scatterload                        0x0800018d   Thumb Code     0  entry5.o(.ARM.Collect$$$$00000004)
    __main_after_scatterload                 0x08000191   Thumb Code     0  entry5.o(.ARM.Collect$$$$00000004)
    _main_clock                              0x08000191   Thumb Code     0  entry7b.o(.ARM.Collect$$$$00000008)
    _main_cpp_init                           0x08000191   Thumb Code     0  entry8b.o(.ARM.Collect$$$$0000000A)
    _main_init                               0x08000191   Thumb Code     0  entry9a.o(.ARM.Collect$$$$0000000B)
    __rt_lib_shutdown_fini                   0x08000199   Thumb Code     0  entry12b.o(.ARM.Collect$$$$0000000E)
    __rt_final_cpp                           0x0800019d   Thumb Code     0  entry10a.o(.ARM.Collect$$$$0000000F)
    __rt_final_exit                          0x0800019d   Thumb Code     0  entry11a.o(.ARM.Collect$$$$00000011)
    Reset_Handler                            0x080001a1   Thumb Code     8  startup_stm32f40_41xxx.o(.text)
    ADC_IRQHandler                           0x080001bb   Thumb Code     0  startup_stm32f40_41xxx.o(.text)
    CAN1_RX0_IRQHandler                      0x080001bb   Thumb Code     0  startup_stm32f40_41xxx.o(.text)
    CAN1_RX1_IRQHandler                      0x080001bb   Thumb Code     0  startup_stm32f40_41xxx.o(.text)
    CAN1_SCE_IRQHandler                      0x080001bb   Thumb Code     0  startup_stm32f40_41xxx.o(.text)
    CAN1_TX_IRQHandler                       0x080001bb   Thumb Code     0  startup_stm32f40_41xxx.o(.text)
    CAN2_RX0_IRQHandler                      0x080001bb   Thumb Code     0  startup_stm32f40_41xxx.o(.text)
    CAN2_RX1_IRQHandler                      0x080001bb   Thumb Code     0  startup_stm32f40_41xxx.o(.text)
    CAN2_SCE_IRQHandler                      0x080001bb   Thumb Code     0  startup_stm32f40_41xxx.o(.text)
    CAN2_TX_IRQHandler                       0x080001bb   Thumb Code     0  startup_stm32f40_41xxx.o(.text)
    CRYP_IRQHandler                          0x080001bb   Thumb Code     0  startup_stm32f40_41xxx.o(.text)
    DCMI_IRQHandler                          0x080001bb   Thumb Code     0  startup_stm32f40_41xxx.o(.text)
    DMA1_Stream0_IRQHandler                  0x080001bb   Thumb Code     0  startup_stm32f40_41xxx.o(.text)
    DMA1_Stream1_IRQHandler                  0x080001bb   Thumb Code     0  startup_stm32f40_41xxx.o(.text)
    DMA1_Stream2_IRQHandler                  0x080001bb   Thumb Code     0  startup_stm32f40_41xxx.o(.text)
    DMA1_Stream3_IRQHandler                  0x080001bb   Thumb Code     0  startup_stm32f40_41xxx.o(.text)
    DMA1_Stream4_IRQHandler                  0x080001bb   Thumb Code     0  startup_stm32f40_41xxx.o(.text)
    DMA1_Stream5_IRQHandler                  0x080001bb   Thumb Code     0  startup_stm32f40_41xxx.o(.text)
    DMA1_Stream6_IRQHandler                  0x080001bb   Thumb Code     0  startup_stm32f40_41xxx.o(.text)
    DMA1_Stream7_IRQHandler                  0x080001bb   Thumb Code     0  startup_stm32f40_41xxx.o(.text)
    DMA2_Stream0_IRQHandler                  0x080001bb   Thumb Code     0  startup_stm32f40_41xxx.o(.text)
    DMA2_Stream1_IRQHandler                  0x080001bb   Thumb Code     0  startup_stm32f40_41xxx.o(.text)
    DMA2_Stream2_IRQHandler                  0x080001bb   Thumb Code     0  startup_stm32f40_41xxx.o(.text)
    DMA2_Stream3_IRQHandler                  0x080001bb   Thumb Code     0  startup_stm32f40_41xxx.o(.text)
    DMA2_Stream4_IRQHandler                  0x080001bb   Thumb Code     0  startup_stm32f40_41xxx.o(.text)
    DMA2_Stream5_IRQHandler                  0x080001bb   Thumb Code     0  startup_stm32f40_41xxx.o(.text)
    DMA2_Stream6_IRQHandler                  0x080001bb   Thumb Code     0  startup_stm32f40_41xxx.o(.text)
    DMA2_Stream7_IRQHandler                  0x080001bb   Thumb Code     0  startup_stm32f40_41xxx.o(.text)
    ETH_IRQHandler                           0x080001bb   Thumb Code     0  startup_stm32f40_41xxx.o(.text)
    ETH_WKUP_IRQHandler                      0x080001bb   Thumb Code     0  startup_stm32f40_41xxx.o(.text)
    EXTI0_IRQHandler                         0x080001bb   Thumb Code     0  startup_stm32f40_41xxx.o(.text)
    EXTI15_10_IRQHandler                     0x080001bb   Thumb Code     0  startup_stm32f40_41xxx.o(.text)
    EXTI1_IRQHandler                         0x080001bb   Thumb Code     0  startup_stm32f40_41xxx.o(.text)
    EXTI2_IRQHandler                         0x080001bb   Thumb Code     0  startup_stm32f40_41xxx.o(.text)
    EXTI3_IRQHandler                         0x080001bb   Thumb Code     0  startup_stm32f40_41xxx.o(.text)
    EXTI4_IRQHandler                         0x080001bb   Thumb Code     0  startup_stm32f40_41xxx.o(.text)
    EXTI9_5_IRQHandler                       0x080001bb   Thumb Code     0  startup_stm32f40_41xxx.o(.text)
    FLASH_IRQHandler                         0x080001bb   Thumb Code     0  startup_stm32f40_41xxx.o(.text)
    FPU_IRQHandler                           0x080001bb   Thumb Code     0  startup_stm32f40_41xxx.o(.text)
    FSMC_IRQHandler                          0x080001bb   Thumb Code     0  startup_stm32f40_41xxx.o(.text)
    HASH_RNG_IRQHandler                      0x080001bb   Thumb Code     0  startup_stm32f40_41xxx.o(.text)
    I2C1_ER_IRQHandler                       0x080001bb   Thumb Code     0  startup_stm32f40_41xxx.o(.text)
    I2C1_EV_IRQHandler                       0x080001bb   Thumb Code     0  startup_stm32f40_41xxx.o(.text)
    I2C2_ER_IRQHandler                       0x080001bb   Thumb Code     0  startup_stm32f40_41xxx.o(.text)
    I2C2_EV_IRQHandler                       0x080001bb   Thumb Code     0  startup_stm32f40_41xxx.o(.text)
    I2C3_ER_IRQHandler                       0x080001bb   Thumb Code     0  startup_stm32f40_41xxx.o(.text)
    I2C3_EV_IRQHandler                       0x080001bb   Thumb Code     0  startup_stm32f40_41xxx.o(.text)
    OTG_FS_IRQHandler                        0x080001bb   Thumb Code     0  startup_stm32f40_41xxx.o(.text)
    OTG_FS_WKUP_IRQHandler                   0x080001bb   Thumb Code     0  startup_stm32f40_41xxx.o(.text)
    OTG_HS_EP1_IN_IRQHandler                 0x080001bb   Thumb Code     0  startup_stm32f40_41xxx.o(.text)
    OTG_HS_EP1_OUT_IRQHandler                0x080001bb   Thumb Code     0  startup_stm32f40_41xxx.o(.text)
    OTG_HS_IRQHandler                        0x080001bb   Thumb Code     0  startup_stm32f40_41xxx.o(.text)
    OTG_HS_WKUP_IRQHandler                   0x080001bb   Thumb Code     0  startup_stm32f40_41xxx.o(.text)
    PVD_IRQHandler                           0x080001bb   Thumb Code     0  startup_stm32f40_41xxx.o(.text)
    RCC_IRQHandler                           0x080001bb   Thumb Code     0  startup_stm32f40_41xxx.o(.text)
    RTC_Alarm_IRQHandler                     0x080001bb   Thumb Code     0  startup_stm32f40_41xxx.o(.text)
    RTC_WKUP_IRQHandler                      0x080001bb   Thumb Code     0  startup_stm32f40_41xxx.o(.text)
    SDIO_IRQHandler                          0x080001bb   Thumb Code     0  startup_stm32f40_41xxx.o(.text)
    SPI1_IRQHandler                          0x080001bb   Thumb Code     0  startup_stm32f40_41xxx.o(.text)
    SPI2_IRQHandler                          0x080001bb   Thumb Code     0  startup_stm32f40_41xxx.o(.text)
    SPI3_IRQHandler                          0x080001bb   Thumb Code     0  startup_stm32f40_41xxx.o(.text)
    TAMP_STAMP_IRQHandler                    0x080001bb   Thumb Code     0  startup_stm32f40_41xxx.o(.text)
    TIM1_BRK_TIM9_IRQHandler                 0x080001bb   Thumb Code     0  startup_stm32f40_41xxx.o(.text)
    TIM1_CC_IRQHandler                       0x080001bb   Thumb Code     0  startup_stm32f40_41xxx.o(.text)
    TIM1_TRG_COM_TIM11_IRQHandler            0x080001bb   Thumb Code     0  startup_stm32f40_41xxx.o(.text)
    TIM1_UP_TIM10_IRQHandler                 0x080001bb   Thumb Code     0  startup_stm32f40_41xxx.o(.text)
    TIM2_IRQHandler                          0x080001bb   Thumb Code     0  startup_stm32f40_41xxx.o(.text)
    TIM3_IRQHandler                          0x080001bb   Thumb Code     0  startup_stm32f40_41xxx.o(.text)
    TIM4_IRQHandler                          0x080001bb   Thumb Code     0  startup_stm32f40_41xxx.o(.text)
    TIM5_IRQHandler                          0x080001bb   Thumb Code     0  startup_stm32f40_41xxx.o(.text)
    TIM6_DAC_IRQHandler                      0x080001bb   Thumb Code     0  startup_stm32f40_41xxx.o(.text)
    TIM7_IRQHandler                          0x080001bb   Thumb Code     0  startup_stm32f40_41xxx.o(.text)
    TIM8_BRK_TIM12_IRQHandler                0x080001bb   Thumb Code     0  startup_stm32f40_41xxx.o(.text)
    TIM8_CC_IRQHandler                       0x080001bb   Thumb Code     0  startup_stm32f40_41xxx.o(.text)
    TIM8_TRG_COM_TIM14_IRQHandler            0x080001bb   Thumb Code     0  startup_stm32f40_41xxx.o(.text)
    TIM8_UP_TIM13_IRQHandler                 0x080001bb   Thumb Code     0  startup_stm32f40_41xxx.o(.text)
    UART4_IRQHandler                         0x080001bb   Thumb Code     0  startup_stm32f40_41xxx.o(.text)
    UART5_IRQHandler                         0x080001bb   Thumb Code     0  startup_stm32f40_41xxx.o(.text)
    USART2_IRQHandler                        0x080001bb   Thumb Code     0  startup_stm32f40_41xxx.o(.text)
    USART3_IRQHandler                        0x080001bb   Thumb Code     0  startup_stm32f40_41xxx.o(.text)
    USART6_IRQHandler                        0x080001bb   Thumb Code     0  startup_stm32f40_41xxx.o(.text)
    WWDG_IRQHandler                          0x080001bb   Thumb Code     0  startup_stm32f40_41xxx.o(.text)
    __aeabi_dmul                             0x080001c5   Thumb Code   228  dmul.o(.text)
    __aeabi_ui2d                             0x080002a9   Thumb Code    26  dfltui.o(.text)
    __aeabi_d2uiz                            0x080002c3   Thumb Code    50  dfixui.o(.text)
    __aeabi_f2d                              0x080002f5   Thumb Code    38  f2d.o(.text)
    __aeabi_cdcmpeq                          0x0800031d   Thumb Code     0  cdcmple.o(.text)
    __aeabi_cdcmple                          0x0800031d   Thumb Code    48  cdcmple.o(.text)
    __aeabi_cdrcmple                         0x0800034d   Thumb Code    48  cdrcmple.o(.text)
    __aeabi_uldivmod                         0x0800037d   Thumb Code    98  uldiv.o(.text)
    __aeabi_llsr                             0x080003df   Thumb Code    32  llushr.o(.text)
    _ll_ushift_r                             0x080003df   Thumb Code     0  llushr.o(.text)
    __I$use$fp                               0x080003ff   Thumb Code     0  iusefp.o(.text)
    _double_round                            0x080003ff   Thumb Code    30  depilogue.o(.text)
    _double_epilogue                         0x0800041d   Thumb Code   156  depilogue.o(.text)
    _dsqrt                                   0x080004b9   Thumb Code   162  dsqrt.o(.text)
    __scatterload                            0x0800055d   Thumb Code    28  init.o(.text)
    __scatterload_rt2                        0x0800055d   Thumb Code     0  init.o(.text)
    __aeabi_llsl                             0x08000581   Thumb Code    30  llshl.o(.text)
    _ll_shift_l                              0x08000581   Thumb Code     0  llshl.o(.text)
    AT24CXX_Init                             0x0800059f   Thumb Code     8  bsp_24cxx.o(i.AT24CXX_Init)
    AT24CXX_ReadLenByte                      0x080005a7   Thumb Code    44  bsp_24cxx.o(i.AT24CXX_ReadLenByte)
    AT24CXX_ReadOneByte                      0x080005d3   Thumb Code    88  bsp_24cxx.o(i.AT24CXX_ReadOneByte)
    AT24CXX_WriteLenByte                     0x0800062b   Thumb Code    42  bsp_24cxx.o(i.AT24CXX_WriteLenByte)
    AT24CXX_WriteOneByte                     0x08000655   Thumb Code    80  bsp_24cxx.o(i.AT24CXX_WriteOneByte)
    BusFault_Handler                         0x080006a5   Thumb Code     4  stm32f4xx_it.o(i.BusFault_Handler)
    DebugMon_Handler                         0x080006a9   Thumb Code     2  stm32f4xx_it.o(i.DebugMon_Handler)
    GPIO_Init                                0x080006ab   Thumb Code   144  stm32f4xx_gpio.o(i.GPIO_Init)
    GPIO_PinAFConfig                         0x0800073b   Thumb Code    70  stm32f4xx_gpio.o(i.GPIO_PinAFConfig)
    GetGBKCode_from_EXFlash                  0x08000781   Thumb Code   766  bsp_lcd.o(i.GetGBKCode_from_EXFlash)
    HardFault_Handler                        0x08000ac1   Thumb Code     4  stm32f4xx_it.o(i.HardFault_Handler)
    IIC_Ack                                  0x08000ac5   Thumb Code    66  bsp_myiic.o(i.IIC_Ack)
    IIC_Init                                 0x08000b15   Thumb Code    62  bsp_myiic.o(i.IIC_Init)
    IIC_NAck                                 0x08000b61   Thumb Code    66  bsp_myiic.o(i.IIC_NAck)
    IIC_Read_Byte                            0x08000bb1   Thumb Code    94  bsp_myiic.o(i.IIC_Read_Byte)
    IIC_Send_Byte                            0x08000c1d   Thumb Code    90  bsp_myiic.o(i.IIC_Send_Byte)
    IIC_Start                                0x08000c85   Thumb Code    64  bsp_myiic.o(i.IIC_Start)
    IIC_Stop                                 0x08000cd1   Thumb Code    62  bsp_myiic.o(i.IIC_Stop)
    IIC_Wait_Ack                             0x08000d1d   Thumb Code    82  bsp_myiic.o(i.IIC_Wait_Ack)
    LCD_Clear                                0x08000d7d   Thumb Code    84  bsp_lcd.o(i.LCD_Clear)
    LCD_DispString_CH                        0x08000de1   Thumb Code   106  bsp_lcd.o(i.LCD_DispString_CH)
    LCD_DrawLine                             0x08000e51   Thumb Code   176  bsp_lcd.o(i.LCD_DrawLine)
    LCD_DrawPoint                            0x08000f01   Thumb Code    24  bsp_lcd.o(i.LCD_DrawPoint)
    LCD_GPIOInit                             0x08000f1d   Thumb Code    68  bsp_lcdinit.o(i.LCD_GPIOInit)
    LCD_Init                                 0x08000f65   Thumb Code   436  bsp_lcdinit.o(i.LCD_Init)
    LCD_RESET                                0x0800111d   Thumb Code    30  bsp_lcdinit.o(i.LCD_RESET)
    LCD_SetBackColor                         0x08001145   Thumb Code     6  bsp_lcd.o(i.LCD_SetBackColor)
    LCD_SetCHFont                            0x08001151   Thumb Code     6  bsp_lcd.o(i.LCD_SetCHFont)
    LCD_SetColors                            0x0800115d   Thumb Code    10  bsp_lcd.o(i.LCD_SetColors)
    LCD_SetCursor                            0x08001171   Thumb Code    20  bsp_lcdinit.o(i.LCD_SetCursor)
    LCD_SetFont                              0x08001185   Thumb Code     6  bsp_lcd.o(i.LCD_SetFont)
    LCD_SetTextColor                         0x08001191   Thumb Code     6  bsp_lcd.o(i.LCD_SetTextColor)
    LCD_SetWindows                           0x0800119d   Thumb Code    80  bsp_lcdinit.o(i.LCD_SetWindows)
    LCD_ShowChar                             0x080011f1   Thumb Code   292  bsp_lcd.o(i.LCD_ShowChar)
    LCD_ShowChinese                          0x0800132d   Thumb Code   196  bsp_lcd.o(i.LCD_ShowChinese)
    LCD_ShowExSHUMAChar                      0x080013fd   Thumb Code   322  bsp_lcd.o(i.LCD_ShowExSHUMAChar)
    LCD_ShowString_CH_EN                     0x08001559   Thumb Code   220  bsp_lcd.o(i.LCD_ShowString_CH_EN)
    LCD_WR_DATA                              0x0800163d   Thumb Code    32  bsp_lcdinit.o(i.LCD_WR_DATA)
    LCD_WR_REG                               0x08001665   Thumb Code    30  bsp_lcdinit.o(i.LCD_WR_REG)
    LCD_WriteRAM_Prepare                     0x0800168d   Thumb Code    12  bsp_lcdinit.o(i.LCD_WriteRAM_Prepare)
    LCD_WriteReg                             0x0800169d   Thumb Code    20  bsp_lcdinit.o(i.LCD_WriteReg)
    LCD_direction                            0x080016b1   Thumb Code   136  bsp_lcdinit.o(i.LCD_direction)
    Lcd_WriteData_16Bit                      0x0800173d   Thumb Code    34  bsp_lcdinit.o(i.Lcd_WriteData_16Bit)
    MemManage_Handler                        0x0800175f   Thumb Code     4  stm32f4xx_it.o(i.MemManage_Handler)
    NMI_Handler                              0x08001763   Thumb Code     2  stm32f4xx_it.o(i.NMI_Handler)
    PendSV_Handler                           0x08001765   Thumb Code     2  stm32f4xx_it.o(i.PendSV_Handler)
    RCC_AHB1PeriphClockCmd                   0x08001769   Thumb Code    26  stm32f4xx_rcc.o(i.RCC_AHB1PeriphClockCmd)
    RCC_APB2PeriphClockCmd                   0x08001789   Thumb Code    26  stm32f4xx_rcc.o(i.RCC_APB2PeriphClockCmd)
    RCC_APB2PeriphResetCmd                   0x080017a9   Thumb Code    26  stm32f4xx_rcc.o(i.RCC_APB2PeriphResetCmd)
    SPI1_Init                                0x080017c9   Thumb Code   186  spi.o(i.SPI1_Init)
    SPI1_ReadWriteByte                       0x0800188d   Thumb Code    50  spi.o(i.SPI1_ReadWriteByte)
    SPI1_SetSpeed                            0x080018c5   Thumb Code    36  spi.o(i.SPI1_SetSpeed)
    SPI_Cmd                                  0x080018ed   Thumb Code    24  stm32f4xx_spi.o(i.SPI_Cmd)
    SPI_I2S_GetFlagStatus                    0x08001905   Thumb Code    18  stm32f4xx_spi.o(i.SPI_I2S_GetFlagStatus)
    SPI_I2S_ReceiveData                      0x08001917   Thumb Code     6  stm32f4xx_spi.o(i.SPI_I2S_ReceiveData)
    SPI_I2S_SendData                         0x0800191d   Thumb Code     4  stm32f4xx_spi.o(i.SPI_I2S_SendData)
    SPI_Init                                 0x08001921   Thumb Code    60  stm32f4xx_spi.o(i.SPI_Init)
    SPIv_WriteData                           0x0800195d   Thumb Code    56  bsp_lcdinit.o(i.SPIv_WriteData)
    SVC_Handler                              0x0800199d   Thumb Code     2  stm32f4xx_it.o(i.SVC_Handler)
    SysTick_CLKSourceConfig                  0x08001a8d   Thumb Code    40  misc.o(i.SysTick_CLKSourceConfig)
    SysTick_Handler                          0x08001ab5   Thumb Code     2  stm32f4xx_it.o(i.SysTick_Handler)
    SystemInit                               0x08001ab9   Thumb Code    88  system_stm32f4xx.o(i.SystemInit)
    TP_Adj_Info_Show                         0x08001b21   Thumb Code   344  bsp_touch.o(i.TP_Adj_Info_Show)
    TP_Adjust                                0x08001ca9   Thumb Code  1994  bsp_touch.o(i.TP_Adjust)
    TP_Drow_Touch_Point                      0x080024b1   Thumb Code   104  bsp_touch.o(i.TP_Drow_Touch_Point)
    TP_Get_Adjdata                           0x08002519   Thumb Code   160  bsp_touch.o(i.TP_Get_Adjdata)
    TP_Init                                  0x080025c9   Thumb Code   156  bsp_touch.o(i.TP_Init)
    TP_Read_AD                               0x08002675   Thumb Code   132  bsp_touch.o(i.TP_Read_AD)
    TP_Read_XOY                              0x08002709   Thumb Code   120  bsp_touch.o(i.TP_Read_XOY)
    TP_Read_XY                               0x08002781   Thumb Code    38  bsp_touch.o(i.TP_Read_XY)
    TP_Read_XY2                              0x080027b1   Thumb Code   192  bsp_touch.o(i.TP_Read_XY2)
    TP_Save_Adjdata                          0x08002871   Thumb Code   118  bsp_touch.o(i.TP_Save_Adjdata)
    TP_Scan                                  0x080028f1   Thumb Code   224  bsp_touch.o(i.TP_Scan)
    TP_Write_Byte                            0x080029d9   Thumb Code    64  bsp_touch.o(i.TP_Write_Byte)
    USART1_IRQHandler                        0x08002a25   Thumb Code   122  usart.o(i.USART1_IRQHandler)
    USART_GetITStatus                        0x08002aad   Thumb Code    84  stm32f4xx_usart.o(i.USART_GetITStatus)
    USART_ReceiveData                        0x08002b01   Thumb Code    10  stm32f4xx_usart.o(i.USART_ReceiveData)
    UsageFault_Handler                       0x08002b0b   Thumb Code     4  stm32f4xx_it.o(i.UsageFault_Handler)
    W25Q128_Init                             0x08002b11   Thumb Code    76  w25q128.o(i.W25Q128_Init)
    W25Q128_Read                             0x08002b69   Thumb Code    72  w25q128.o(i.W25Q128_Read)
    W25Q128_ReadID                           0x08002bb5   Thumb Code    86  w25q128.o(i.W25Q128_ReadID)
    __0sprintf$5                             0x08002c15   Thumb Code    34  printf5.o(i.__0sprintf$5)
    __1sprintf$5                             0x08002c15   Thumb Code     0  printf5.o(i.__0sprintf$5)
    __2sprintf                               0x08002c15   Thumb Code     0  printf5.o(i.__0sprintf$5)
    __hardfp_sqrt                            0x08002c3d   Thumb Code   122  sqrt.o(i.__hardfp_sqrt)
    __scatterload_copy                       0x08002cb7   Thumb Code    14  handlers.o(i.__scatterload_copy)
    __scatterload_null                       0x08002cc5   Thumb Code     2  handlers.o(i.__scatterload_null)
    __scatterload_zeroinit                   0x08002cc7   Thumb Code    14  handlers.o(i.__scatterload_zeroinit)
    __set_errno                              0x08002cd5   Thumb Code     6  errno.o(i.__set_errno)
    _draw_circle_8                           0x08002ce1   Thumb Code   112  bsp_lcd.o(i._draw_circle_8)
    delay_init                               0x0800301d   Thumb Code    52  delay.o(i.delay_init)
    delay_ms                                 0x08003059   Thumb Code    56  delay.o(i.delay_ms)
    delay_us                                 0x08003091   Thumb Code    72  delay.o(i.delay_us)
    delay_xms                                0x080030dd   Thumb Code    72  delay.o(i.delay_xms)
    gui_circle                               0x08003129   Thumb Code   142  bsp_lcd.o(i.gui_circle)
    main                                     0x080031b9   Thumb Code    62  main.o(i.main)
    asc2_1206                                0x08003220   Data        1140  bsp_font.o(.constdata)
    asc2_1608                                0x08003694   Data        1520  bsp_font.o(.constdata)
    Region$$Table$$Base                      0x08003d00   Number         0  anon$$obj.o(Region$$Table)
    Region$$Table$$Limit                     0x08003d20   Number         0  anon$$obj.o(Region$$Table)
    LCD_CHFonts                              0x20000000   Data           4  bsp_lcd.o(.data)
    LCD_fonts                                0x20000004   Data           4  bsp_lcd.o(.data)
    ENYOUYUANFont6x12                        0x2000000e   Data           6  bsp_font.o(.data)
    ENYOUYUANFont8x16                        0x20000014   Data           6  bsp_font.o(.data)
    ENYOUYUANFont12x24                       0x2000001a   Data           6  bsp_font.o(.data)
    ENYOUYUANFont16x32                       0x20000020   Data           6  bsp_font.o(.data)
    ENSONGTIFont6x12                         0x20000026   Data           6  bsp_font.o(.data)
    ENSONGTIFont8x16                         0x2000002c   Data           6  bsp_font.o(.data)
    ENSONGTIFont12x24                        0x20000032   Data           6  bsp_font.o(.data)
    ENSONGTIFont16x32                        0x20000038   Data           6  bsp_font.o(.data)
    ENSHUMAFont10x16                         0x2000003e   Data           6  bsp_font.o(.data)
    ENSHUMAFont12x24                         0x20000044   Data           6  bsp_font.o(.data)
    ENSHUMAFont16x32                         0x2000004a   Data           6  bsp_font.o(.data)
    ENSHUMA2Font6x12                         0x20000050   Data           6  bsp_font.o(.data)
    ENSHUMA2Font8x16                         0x20000056   Data           6  bsp_font.o(.data)
    ENSHUMA2Font12x24                        0x2000005c   Data           6  bsp_font.o(.data)
    ENSHUMA2Font16x32                        0x20000062   Data           6  bsp_font.o(.data)
    YOUYUAN16x16                             0x20000068   Data           6  bsp_font.o(.data)
    YOUYUAN24x24                             0x2000006e   Data           6  bsp_font.o(.data)
    YOUYUAN32x32                             0x20000074   Data           6  bsp_font.o(.data)
    XINSONG16x16                             0x2000007a   Data           6  bsp_font.o(.data)
    XINSONG24x24                             0x20000080   Data           6  bsp_font.o(.data)
    XINSONG32x32                             0x20000086   Data           6  bsp_font.o(.data)
    KAITI16x16                               0x2000008c   Data           6  bsp_font.o(.data)
    KAITI24x24                               0x20000092   Data           6  bsp_font.o(.data)
    KAITI32x32                               0x20000098   Data           6  bsp_font.o(.data)
    FANGSONG16x16                            0x2000009e   Data           6  bsp_font.o(.data)
    FANGSONG24x24                            0x200000a4   Data           6  bsp_font.o(.data)
    FANGSONG32x32                            0x200000aa   Data           6  bsp_font.o(.data)
    HUAWENXINWEI40x32                        0x200000b0   Data           6  bsp_font.o(.data)
    HUAWENCAIYUN40x32                        0x200000b6   Data           6  bsp_font.o(.data)
    tp_dev                                   0x200000bc   Data          40  bsp_touch.o(.data)
    CMD_RDX                                  0x200000e4   Data           1  bsp_touch.o(.data)
    CMD_RDY                                  0x200000e5   Data           1  bsp_touch.o(.data)
    TP_REMIND_MSG_TBL                        0x200000e8   Data           4  bsp_touch.o(.data)
    n                                        0x200000ec   Data           2  w25q128.o(.data)
    W25Q128_TYPE                             0x200000ee   Data           2  w25q128.o(.data)
    USART_RX_STA                             0x200000f4   Data           2  usart.o(.data)
    lcddev                                   0x200000fc   Data          14  bsp_lcd.o(.bss)
    USART_RX_BUF                             0x2000010a   Data         200  usart.o(.bss)
    __initial_sp                             0x200005d8   Data           0  startup_stm32f40_41xxx.o(STACK)



==============================================================================

Memory Map of the image

  Image Entry point : 0x08000189

  Load Region LR_IROM1 (Base: 0x08000000, Size: 0x00003e1c, Max: 0x00080000, ABSOLUTE)

    Execution Region ER_IROM1 (Exec base: 0x08000000, Load base: 0x08000000, Size: 0x00003d20, Max: 0x00080000, ABSOLUTE)

    Exec Addr    Load Addr    Size         Type   Attr      Idx    E Section Name        Object

    0x08000000   0x08000000   0x00000188   Data   RO            3    RESET               startup_stm32f40_41xxx.o
    0x08000188   0x08000188   0x00000000   Code   RO         3613  * .ARM.Collect$$$$00000000  mc_w.l(entry.o)
    0x08000188   0x08000188   0x00000004   Code   RO         3891    .ARM.Collect$$$$00000001  mc_w.l(entry2.o)
    0x0800018c   0x0800018c   0x00000004   Code   RO         3894    .ARM.Collect$$$$00000004  mc_w.l(entry5.o)
    0x08000190   0x08000190   0x00000000   Code   RO         3896    .ARM.Collect$$$$00000008  mc_w.l(entry7b.o)
    0x08000190   0x08000190   0x00000000   Code   RO         3898    .ARM.Collect$$$$0000000A  mc_w.l(entry8b.o)
    0x08000190   0x08000190   0x00000008   Code   RO         3899    .ARM.Collect$$$$0000000B  mc_w.l(entry9a.o)
    0x08000198   0x08000198   0x00000004   Code   RO         3906    .ARM.Collect$$$$0000000E  mc_w.l(entry12b.o)
    0x0800019c   0x0800019c   0x00000000   Code   RO         3901    .ARM.Collect$$$$0000000F  mc_w.l(entry10a.o)
    0x0800019c   0x0800019c   0x00000000   Code   RO         3903    .ARM.Collect$$$$00000011  mc_w.l(entry11a.o)
    0x0800019c   0x0800019c   0x00000004   Code   RO         3892    .ARM.Collect$$$$00002712  mc_w.l(entry2.o)
    0x080001a0   0x080001a0   0x00000024   Code   RO            4    .text               startup_stm32f40_41xxx.o
    0x080001c4   0x080001c4   0x000000e4   Code   RO         3879    .text               mf_w.l(dmul.o)
    0x080002a8   0x080002a8   0x0000001a   Code   RO         3881    .text               mf_w.l(dfltui.o)
    0x080002c2   0x080002c2   0x00000032   Code   RO         3883    .text               mf_w.l(dfixui.o)
    0x080002f4   0x080002f4   0x00000026   Code   RO         3885    .text               mf_w.l(f2d.o)
    0x0800031a   0x0800031a   0x00000002   PAD
    0x0800031c   0x0800031c   0x00000030   Code   RO         3887    .text               mf_w.l(cdcmple.o)
    0x0800034c   0x0800034c   0x00000030   Code   RO         3889    .text               mf_w.l(cdrcmple.o)
    0x0800037c   0x0800037c   0x00000062   Code   RO         3910    .text               mc_w.l(uldiv.o)
    0x080003de   0x080003de   0x00000020   Code   RO         3912    .text               mc_w.l(llushr.o)
    0x080003fe   0x080003fe   0x00000000   Code   RO         3921    .text               mc_w.l(iusefp.o)
    0x080003fe   0x080003fe   0x000000ba   Code   RO         3922    .text               mf_w.l(depilogue.o)
    0x080004b8   0x080004b8   0x000000a2   Code   RO         3928    .text               mf_w.l(dsqrt.o)
    0x0800055a   0x0800055a   0x00000002   PAD
    0x0800055c   0x0800055c   0x00000024   Code   RO         3932    .text               mc_w.l(init.o)
    0x08000580   0x08000580   0x0000001e   Code   RO         3934    .text               mc_w.l(llshl.o)
    0x0800059e   0x0800059e   0x00000008   Code   RO         3189    i.AT24CXX_Init      bsp_24cxx.o
    0x080005a6   0x080005a6   0x0000002c   Code   RO         3191    i.AT24CXX_ReadLenByte  bsp_24cxx.o
    0x080005d2   0x080005d2   0x00000058   Code   RO         3192    i.AT24CXX_ReadOneByte  bsp_24cxx.o
    0x0800062a   0x0800062a   0x0000002a   Code   RO         3194    i.AT24CXX_WriteLenByte  bsp_24cxx.o
    0x08000654   0x08000654   0x00000050   Code   RO         3195    i.AT24CXX_WriteOneByte  bsp_24cxx.o
    0x080006a4   0x080006a4   0x00000004   Code   RO          136    i.BusFault_Handler  stm32f4xx_it.o
    0x080006a8   0x080006a8   0x00000002   Code   RO          137    i.DebugMon_Handler  stm32f4xx_it.o
    0x080006aa   0x080006aa   0x00000090   Code   RO          568    i.GPIO_Init         stm32f4xx_gpio.o
    0x0800073a   0x0800073a   0x00000046   Code   RO          569    i.GPIO_PinAFConfig  stm32f4xx_gpio.o
    0x08000780   0x08000780   0x00000340   Code   RO         2733    i.GetGBKCode_from_EXFlash  bsp_lcd.o
    0x08000ac0   0x08000ac0   0x00000004   Code   RO          138    i.HardFault_Handler  stm32f4xx_it.o
    0x08000ac4   0x08000ac4   0x00000050   Code   RO         3250    i.IIC_Ack           bsp_myiic.o
    0x08000b14   0x08000b14   0x0000004c   Code   RO         3251    i.IIC_Init          bsp_myiic.o
    0x08000b60   0x08000b60   0x00000050   Code   RO         3252    i.IIC_NAck          bsp_myiic.o
    0x08000bb0   0x08000bb0   0x0000006c   Code   RO         3253    i.IIC_Read_Byte     bsp_myiic.o
    0x08000c1c   0x08000c1c   0x00000068   Code   RO         3254    i.IIC_Send_Byte     bsp_myiic.o
    0x08000c84   0x08000c84   0x0000004c   Code   RO         3255    i.IIC_Start         bsp_myiic.o
    0x08000cd0   0x08000cd0   0x0000004c   Code   RO         3256    i.IIC_Stop          bsp_myiic.o
    0x08000d1c   0x08000d1c   0x00000060   Code   RO         3257    i.IIC_Wait_Ack      bsp_myiic.o
    0x08000d7c   0x08000d7c   0x00000064   Code   RO         2735    i.LCD_Clear         bsp_lcd.o
    0x08000de0   0x08000de0   0x00000070   Code   RO         2738    i.LCD_DispString_CH  bsp_lcd.o
    0x08000e50   0x08000e50   0x000000b0   Code   RO         2742    i.LCD_DrawLine      bsp_lcd.o
    0x08000f00   0x08000f00   0x0000001c   Code   RO         2744    i.LCD_DrawPoint     bsp_lcd.o
    0x08000f1c   0x08000f1c   0x00000048   Code   RO         2958    i.LCD_GPIOInit      bsp_lcdinit.o
    0x08000f64   0x08000f64   0x000001b8   Code   RO         2959    i.LCD_Init          bsp_lcdinit.o
    0x0800111c   0x0800111c   0x00000028   Code   RO         2960    i.LCD_RESET         bsp_lcdinit.o
    0x08001144   0x08001144   0x0000000c   Code   RO         2750    i.LCD_SetBackColor  bsp_lcd.o
    0x08001150   0x08001150   0x0000000c   Code   RO         2751    i.LCD_SetCHFont     bsp_lcd.o
    0x0800115c   0x0800115c   0x00000014   Code   RO         2752    i.LCD_SetColors     bsp_lcd.o
    0x08001170   0x08001170   0x00000014   Code   RO         2961    i.LCD_SetCursor     bsp_lcdinit.o
    0x08001184   0x08001184   0x0000000c   Code   RO         2753    i.LCD_SetFont       bsp_lcd.o
    0x08001190   0x08001190   0x0000000c   Code   RO         2754    i.LCD_SetTextColor  bsp_lcd.o
    0x0800119c   0x0800119c   0x00000054   Code   RO         2962    i.LCD_SetWindows    bsp_lcdinit.o
    0x080011f0   0x080011f0   0x0000013c   Code   RO         2755    i.LCD_ShowChar      bsp_lcd.o
    0x0800132c   0x0800132c   0x000000d0   Code   RO         2756    i.LCD_ShowChinese   bsp_lcd.o
    0x080013fc   0x080013fc   0x0000015c   Code   RO         2758    i.LCD_ShowExSHUMAChar  bsp_lcd.o
    0x08001558   0x08001558   0x000000e4   Code   RO         2760    i.LCD_ShowString_CH_EN  bsp_lcd.o
    0x0800163c   0x0800163c   0x00000028   Code   RO         2963    i.LCD_WR_DATA       bsp_lcdinit.o
    0x08001664   0x08001664   0x00000028   Code   RO         2964    i.LCD_WR_REG        bsp_lcdinit.o
    0x0800168c   0x0800168c   0x00000010   Code   RO         2965    i.LCD_WriteRAM_Prepare  bsp_lcdinit.o
    0x0800169c   0x0800169c   0x00000014   Code   RO         2966    i.LCD_WriteReg      bsp_lcdinit.o
    0x080016b0   0x080016b0   0x0000008c   Code   RO         2967    i.LCD_direction     bsp_lcdinit.o
    0x0800173c   0x0800173c   0x00000022   Code   RO         2968    i.Lcd_WriteData_16Bit  bsp_lcdinit.o
    0x0800175e   0x0800175e   0x00000004   Code   RO          139    i.MemManage_Handler  stm32f4xx_it.o
    0x08001762   0x08001762   0x00000002   Code   RO          140    i.NMI_Handler       stm32f4xx_it.o
    0x08001764   0x08001764   0x00000002   Code   RO          141    i.PendSV_Handler    stm32f4xx_it.o
    0x08001766   0x08001766   0x00000002   PAD
    0x08001768   0x08001768   0x00000020   Code   RO          889    i.RCC_AHB1PeriphClockCmd  stm32f4xx_rcc.o
    0x08001788   0x08001788   0x00000020   Code   RO          901    i.RCC_APB2PeriphClockCmd  stm32f4xx_rcc.o
    0x080017a8   0x080017a8   0x00000020   Code   RO          903    i.RCC_APB2PeriphResetCmd  stm32f4xx_rcc.o
    0x080017c8   0x080017c8   0x000000c4   Code   RO         3312    i.SPI1_Init         spi.o
    0x0800188c   0x0800188c   0x00000038   Code   RO         3313    i.SPI1_ReadWriteByte  spi.o
    0x080018c4   0x080018c4   0x00000028   Code   RO         3314    i.SPI1_SetSpeed     spi.o
    0x080018ec   0x080018ec   0x00000018   Code   RO         1777    i.SPI_Cmd           stm32f4xx_spi.o
    0x08001904   0x08001904   0x00000012   Code   RO         1785    i.SPI_I2S_GetFlagStatus  stm32f4xx_spi.o
    0x08001916   0x08001916   0x00000006   Code   RO         1788    i.SPI_I2S_ReceiveData  stm32f4xx_spi.o
    0x0800191c   0x0800191c   0x00000004   Code   RO         1789    i.SPI_I2S_SendData  stm32f4xx_spi.o
    0x08001920   0x08001920   0x0000003c   Code   RO         1790    i.SPI_Init          stm32f4xx_spi.o
    0x0800195c   0x0800195c   0x00000040   Code   RO         2969    i.SPIv_WriteData    bsp_lcdinit.o
    0x0800199c   0x0800199c   0x00000002   Code   RO          142    i.SVC_Handler       stm32f4xx_it.o
    0x0800199e   0x0800199e   0x00000002   PAD
    0x080019a0   0x080019a0   0x000000ec   Code   RO         3469    i.SetSysClock       system_stm32f4xx.o
    0x08001a8c   0x08001a8c   0x00000028   Code   RO          211    i.SysTick_CLKSourceConfig  misc.o
    0x08001ab4   0x08001ab4   0x00000002   Code   RO          143    i.SysTick_Handler   stm32f4xx_it.o
    0x08001ab6   0x08001ab6   0x00000002   PAD
    0x08001ab8   0x08001ab8   0x00000068   Code   RO         3471    i.SystemInit        system_stm32f4xx.o
    0x08001b20   0x08001b20   0x00000188   Code   RO         3069    i.TP_Adj_Info_Show  bsp_touch.o
    0x08001ca8   0x08001ca8   0x00000808   Code   RO         3070    i.TP_Adjust         bsp_touch.o
    0x080024b0   0x080024b0   0x00000068   Code   RO         3072    i.TP_Drow_Touch_Point  bsp_touch.o
    0x08002518   0x08002518   0x000000b0   Code   RO         3073    i.TP_Get_Adjdata    bsp_touch.o
    0x080025c8   0x080025c8   0x000000ac   Code   RO         3074    i.TP_Init           bsp_touch.o
    0x08002674   0x08002674   0x00000094   Code   RO         3075    i.TP_Read_AD        bsp_touch.o
    0x08002708   0x08002708   0x00000078   Code   RO         3076    i.TP_Read_XOY       bsp_touch.o
    0x08002780   0x08002780   0x00000030   Code   RO         3077    i.TP_Read_XY        bsp_touch.o
    0x080027b0   0x080027b0   0x000000c0   Code   RO         3078    i.TP_Read_XY2       bsp_touch.o
    0x08002870   0x08002870   0x00000080   Code   RO         3079    i.TP_Save_Adjdata   bsp_touch.o
    0x080028f0   0x080028f0   0x000000e8   Code   RO         3080    i.TP_Scan           bsp_touch.o
    0x080029d8   0x080029d8   0x0000004c   Code   RO         3081    i.TP_Write_Byte     bsp_touch.o
    0x08002a24   0x08002a24   0x00000088   Code   RO         3564    i.USART1_IRQHandler  usart.o
    0x08002aac   0x08002aac   0x00000054   Code   RO         2505    i.USART_GetITStatus  stm32f4xx_usart.o
    0x08002b00   0x08002b00   0x0000000a   Code   RO         2515    i.USART_ReceiveData  stm32f4xx_usart.o
    0x08002b0a   0x08002b0a   0x00000004   Code   RO          144    i.UsageFault_Handler  stm32f4xx_it.o
    0x08002b0e   0x08002b0e   0x00000002   PAD
    0x08002b10   0x08002b10   0x00000058   Code   RO         3350    i.W25Q128_Init      w25q128.o
    0x08002b68   0x08002b68   0x0000004c   Code   RO         3352    i.W25Q128_Read      w25q128.o
    0x08002bb4   0x08002bb4   0x00000060   Code   RO         3353    i.W25Q128_ReadID    w25q128.o
    0x08002c14   0x08002c14   0x00000028   Code   RO         3753    i.__0sprintf$5      mc_w.l(printf5.o)
    0x08002c3c   0x08002c3c   0x0000007a   Code   RO         3601    i.__hardfp_sqrt     m_wm.l(sqrt.o)
    0x08002cb6   0x08002cb6   0x0000000e   Code   RO         3940    i.__scatterload_copy  mc_w.l(handlers.o)
    0x08002cc4   0x08002cc4   0x00000002   Code   RO         3941    i.__scatterload_null  mc_w.l(handlers.o)
    0x08002cc6   0x08002cc6   0x0000000e   Code   RO         3942    i.__scatterload_zeroinit  mc_w.l(handlers.o)
    0x08002cd4   0x08002cd4   0x0000000c   Code   RO         3916    i.__set_errno       mc_w.l(errno.o)
    0x08002ce0   0x08002ce0   0x00000070   Code   RO         2762    i._draw_circle_8    bsp_lcd.o
    0x08002d50   0x08002d50   0x000002c0   Code   RO         3758    i._printf_core      mc_w.l(printf5.o)
    0x08003010   0x08003010   0x0000000a   Code   RO         3760    i._sputc            mc_w.l(printf5.o)
    0x0800301a   0x0800301a   0x00000002   PAD
    0x0800301c   0x0800301c   0x0000003c   Code   RO         3506    i.delay_init        delay.o
    0x08003058   0x08003058   0x00000038   Code   RO         3507    i.delay_ms          delay.o
    0x08003090   0x08003090   0x0000004c   Code   RO         3508    i.delay_us          delay.o
    0x080030dc   0x080030dc   0x0000004c   Code   RO         3509    i.delay_xms         delay.o
    0x08003128   0x08003128   0x0000008e   Code   RO         2764    i.gui_circle        bsp_lcd.o
    0x080031b6   0x080031b6   0x00000002   PAD
    0x080031b8   0x080031b8   0x00000068   Code   RO           12    i.main              main.o
    0x08003220   0x08003220   0x00000a64   Data   RO         3048    .constdata          bsp_font.o
    0x08003c84   0x08003c84   0x00000079   Data   RO         3082    .conststring        bsp_touch.o
    0x08003cfd   0x08003cfd   0x00000003   PAD
    0x08003d00   0x08003d00   0x00000020   Data   RO         3938    Region$$Table       anon$$obj.o


    Execution Region RW_IRAM1 (Exec base: 0x20000000, Load base: 0x08003d20, Size: 0x000005d8, Max: 0x00020000, ABSOLUTE)

    Exec Addr    Load Addr    Size         Type   Attr      Idx    E Section Name        Object

    0x20000000   0x08003d20   0x0000000e   Data   RW         2766    .data               bsp_lcd.o
    0x2000000e   0x08003d2e   0x000000ae   Data   RW         3049    .data               bsp_font.o
    0x200000bc   0x08003ddc   0x00000030   Data   RW         3083    .data               bsp_touch.o
    0x200000ec   0x08003e0c   0x00000004   Data   RW         3364    .data               w25q128.o
    0x200000f0   0x08003e10   0x00000004   Data   RW         3510    .data               delay.o
    0x200000f4   0x08003e14   0x00000002   Data   RW         3568    .data               usart.o
    0x200000f6   0x08003e16   0x00000002   PAD
    0x200000f8   0x08003e18   0x00000004   Data   RW         3917    .data               mc_w.l(errno.o)
    0x200000fc        -       0x0000000e   Zero   RW         2765    .bss                bsp_lcd.o
    0x2000010a        -       0x000000c8   Zero   RW         3567    .bss                usart.o
    0x200001d2   0x08003e1c   0x00000006   PAD
    0x200001d8        -       0x00000400   Zero   RW            1    STACK               startup_stm32f40_41xxx.o


==============================================================================

Image component sizes


      Code (inc. data)   RO Data    RW Data    ZI Data      Debug   Object Name

       262          0          0          0          0       3197   bsp_24cxx.o
         0          0       2660        174          0       2464   bsp_font.o
      2670        196          0         14         14      15248   bsp_lcd.o
      1010         56          0          0          0       7231   bsp_lcdinit.o
       696        110          0          0          0       4574   bsp_myiic.o
      3844        362        121         48          0      10709   bsp_touch.o
       268         16          0          4          0       2451   delay.o
       104         42          0          0          0     255575   main.o
        40          0          0          0          0        590   misc.o
       292         20          0          0          0       1785   spi.o
        36          8        392          0       1024        888   startup_stm32f40_41xxx.o
       214          0          0          0          0       1939   stm32f4xx_gpio.o
        26          0          0          0          0       4082   stm32f4xx_it.o
        96         18          0          0          0       1911   stm32f4xx_rcc.o
       112          0          0          0          0       3810   stm32f4xx_spi.o
        94          0          0          0          0       2164   stm32f4xx_usart.o
       340         32          0          0          0       1565   system_stm32f4xx.o
       136         14          0          2        200       1160   usart.o
       260         26          0          4          0       2930   w25q128.o

    ----------------------------------------------------------------------
     10510        900       3208        248       1244     324273   Object Totals
         0          0         32          0          0          0   (incl. Generated)
        10          0          3          2          6          0   (incl. Padding)

    ----------------------------------------------------------------------

      Code (inc. data)   RO Data    RW Data    ZI Data      Debug   Library Member Name

       122          0          0          0          0        148   sqrt.o
         0          0          0          0          0          0   entry.o
         0          0          0          0          0          0   entry10a.o
         0          0          0          0          0          0   entry11a.o
         4          0          0          0          0          0   entry12b.o
         8          4          0          0          0          0   entry2.o
         4          0          0          0          0          0   entry5.o
         0          0          0          0          0          0   entry7b.o
         0          0          0          0          0          0   entry8b.o
         8          4          0          0          0          0   entry9a.o
        12          6          0          4          0         68   errno.o
        30          0          0          0          0          0   handlers.o
        36          8          0          0          0         68   init.o
         0          0          0          0          0          0   iusefp.o
        30          0          0          0          0         68   llshl.o
        32          0          0          0          0         68   llushr.o
       754         50          0          0          0        252   printf5.o
        98          0          0          0          0         92   uldiv.o
        48          0          0          0          0         68   cdcmple.o
        48          0          0          0          0         68   cdrcmple.o
       186          0          0          0          0        176   depilogue.o
        50          0          0          0          0         76   dfixui.o
        26          0          0          0          0         76   dfltui.o
       228          0          0          0          0         96   dmul.o
       162          0          0          0          0        100   dsqrt.o
        38          0          0          0          0         68   f2d.o

    ----------------------------------------------------------------------
      1930         72          0          4          0       1492   Library Totals
         6          0          0          0          0          0   (incl. Padding)

    ----------------------------------------------------------------------

      Code (inc. data)   RO Data    RW Data    ZI Data      Debug   Library Name

       122          0          0          0          0        148   m_wm.l
      1016         72          0          4          0        616   mc_w.l
       786          0          0          0          0        728   mf_w.l

    ----------------------------------------------------------------------
      1930         72          0          4          0       1492   Library Totals

    ----------------------------------------------------------------------

==============================================================================


      Code (inc. data)   RO Data    RW Data    ZI Data      Debug   

     12440        972       3208        252       1244     316845   Grand Totals
     12440        972       3208        252       1244     316845   ELF Image Totals
     12440        972       3208        252          0          0   ROM Totals

==============================================================================

    Total RO  Size (Code + RO Data)                15648 (  15.28kB)
    Total RW  Size (RW Data + ZI Data)              1496 (   1.46kB)
    Total ROM Size (Code + RO Data + RW Data)      15900 (  15.53kB)

==============================================================================

